[io] loading latents(val): /data_2/qujiaxiang/lowdose_pet_ct/latents_224/latents_val.pt (32.5GB)
[io] loaded latents(val) in 19.1s: /data_2/qujiaxiang/lowdose_pet_ct/latents_224/latents_val.pt
[io] loading raw(val,D50): /data_2/qujiaxiang/preprocessed_data_D50.pt (9.2GB)
[io] loaded raw(val,D50) in 5.3s: /data_2/qujiaxiang/preprocessed_data_D50.pt
[io] loading raw(val,D20): /data_2/qujiaxiang/preprocessed_data_D20.pt (9.2GB)
[io] loaded raw(val,D20) in 5.3s: /data_2/qujiaxiang/preprocessed_data_D20.pt
[io] loading raw(val,D10): /data_2/qujiaxiang/preprocessed_data_D10.pt (9.2GB)
[io] loaded raw(val,D10) in 5.1s: /data_2/qujiaxiang/preprocessed_data_D10.pt
[io] loading raw(val,D4): /data_2/qujiaxiang/preprocessed_data_D4.pt (9.2GB)
[io] loaded raw(val,D4) in 5.1s: /data_2/qujiaxiang/preprocessed_data_D4.pt
[io] loading raw(val,NORMAL_from_D50_x0): /data_2/qujiaxiang/preprocessed_data_D50.pt (9.2GB)
[io] loaded raw(val,NORMAL_from_D50_x0) in 5.2s: /data_2/qujiaxiang/preprocessed_data_D50.pt
encoder_config_path: /home/qujiaxiang/project/RAE/dinov2
Loaded RAE checkpoint from /data_2/qujiaxiang/outputs/pet_lora_dinov2_pt_224/best_model.pt
{
  "psnr_metric": "src.utils.metrics.calc_psnr_clip3",
  "config": "/data_2/qujiaxiang/outputs/PET_LatentResidual/first_hop_224_50k_imgaux_boost_gpu2_nopbar_20260418_010035/config.yaml",
  "checkpoint": "/data_2/qujiaxiang/outputs/PET_LatentResidual/first_hop_224_50k_imgaux_boost_gpu2_nopbar_20260418_010035/last.pt",
  "split": "val",
  "max_slices": 0,
  "num_eval_slices": 7403,
  "batch_size": 8,
  "device": "cuda:0",
  "rollout_timepoints": [
    "D50",
    "D20",
    "D10",
    "D4",
    "NORMAL"
  ]
}
Saved JSON: /data_2/qujiaxiang/outputs/PET_LatentResidual/clip3_eval/schemec_imgaux_boost_50k_last_fullval_20260419/first_hop_224_val_clip3_eval.json
Saved CSV: /data_2/qujiaxiang/outputs/PET_LatentResidual/clip3_eval/schemec_imgaux_boost_50k_last_fullval_20260419/first_hop_224_val_clip3_eval.csv
