[startup] loading config: configs/pet_flow/pet_flow_first_hop_224_20k_seam_refiner_stage2.yaml
[startup] run dir: /data_2/qujiaxiang/outputs/PET_LatentResidual/first_hop_224_20k_seam_refiner_standalone
[startup] resume from: /data_2/qujiaxiang/outputs/PET_LatentResidual/first_hop_224_50k_imgaux_boost_gpu2_nopbar_20260418_010035/best.pt
[startup] building datasets/dataloaders...
[io] loading latents(train): /data_2/qujiaxiang/lowdose_pet_ct/latents_224/latents_train.pt (115.3GB)
[io] still loading latents(train) (20.0s): /data_2/qujiaxiang/lowdose_pet_ct/latents_224/latents_train.pt
[io] still loading latents(train) (40.0s): /data_2/qujiaxiang/lowdose_pet_ct/latents_224/latents_train.pt
[io] still loading latents(train) (60.0s): /data_2/qujiaxiang/lowdose_pet_ct/latents_224/latents_train.pt
[io] still loading latents(train) (80.0s): /data_2/qujiaxiang/lowdose_pet_ct/latents_224/latents_train.pt
[io] still loading latents(train) (100.0s): /data_2/qujiaxiang/lowdose_pet_ct/latents_224/latents_train.pt
[io] still loading latents(train) (120.0s): /data_2/qujiaxiang/lowdose_pet_ct/latents_224/latents_train.pt
[io] still loading latents(train) (140.0s): /data_2/qujiaxiang/lowdose_pet_ct/latents_224/latents_train.pt
[io] still loading latents(train) (160.0s): /data_2/qujiaxiang/lowdose_pet_ct/latents_224/latents_train.pt
[io] still loading latents(train) (180.0s): /data_2/qujiaxiang/lowdose_pet_ct/latents_224/latents_train.pt
[io] still loading latents(train) (200.0s): /data_2/qujiaxiang/lowdose_pet_ct/latents_224/latents_train.pt
[io] still loading latents(train) (220.0s): /data_2/qujiaxiang/lowdose_pet_ct/latents_224/latents_train.pt
[io] still loading latents(train) (240.0s): /data_2/qujiaxiang/lowdose_pet_ct/latents_224/latents_train.pt
[io] still loading latents(train) (260.0s): /data_2/qujiaxiang/lowdose_pet_ct/latents_224/latents_train.pt
[io] still loading latents(train) (280.0s): /data_2/qujiaxiang/lowdose_pet_ct/latents_224/latents_train.pt
[io] still loading latents(train) (300.0s): /data_2/qujiaxiang/lowdose_pet_ct/latents_224/latents_train.pt
[io] still loading latents(train) (320.0s): /data_2/qujiaxiang/lowdose_pet_ct/latents_224/latents_train.pt
[io] still loading latents(train) (340.0s): /data_2/qujiaxiang/lowdose_pet_ct/latents_224/latents_train.pt
[io] still loading latents(train) (360.0s): /data_2/qujiaxiang/lowdose_pet_ct/latents_224/latents_train.pt
[io] still loading latents(train) (380.0s): /data_2/qujiaxiang/lowdose_pet_ct/latents_224/latents_train.pt
[io] still loading latents(train) (400.0s): /data_2/qujiaxiang/lowdose_pet_ct/latents_224/latents_train.pt
[io] still loading latents(train) (420.0s): /data_2/qujiaxiang/lowdose_pet_ct/latents_224/latents_train.pt
[io] still loading latents(train) (440.0s): /data_2/qujiaxiang/lowdose_pet_ct/latents_224/latents_train.pt
[io] still loading latents(train) (460.0s): /data_2/qujiaxiang/lowdose_pet_ct/latents_224/latents_train.pt
[io] still loading latents(train) (480.0s): /data_2/qujiaxiang/lowdose_pet_ct/latents_224/latents_train.pt
[io] still loading latents(train) (500.0s): /data_2/qujiaxiang/lowdose_pet_ct/latents_224/latents_train.pt
[io] still loading latents(train) (520.0s): /data_2/qujiaxiang/lowdose_pet_ct/latents_224/latents_train.pt
[io] still loading latents(train) (540.0s): /data_2/qujiaxiang/lowdose_pet_ct/latents_224/latents_train.pt
[io] loaded latents(train) in 552.4s: /data_2/qujiaxiang/lowdose_pet_ct/latents_224/latents_train.pt
[io] loading raw(train,D50): /data_2/qujiaxiang/preprocessed_data_D50.pt (9.2GB)
[io] still loading raw(train,D50) (20.0s): /data_2/qujiaxiang/preprocessed_data_D50.pt
[io] loaded raw(train,D50) in 22.3s: /data_2/qujiaxiang/preprocessed_data_D50.pt
[io] loading raw(train,D20): /data_2/qujiaxiang/preprocessed_data_D20.pt (9.2GB)
[io] still loading raw(train,D20) (20.0s): /data_2/qujiaxiang/preprocessed_data_D20.pt
[io] still loading raw(train,D20) (40.0s): /data_2/qujiaxiang/preprocessed_data_D20.pt
[io] loaded raw(train,D20) in 51.3s: /data_2/qujiaxiang/preprocessed_data_D20.pt
[io] loading raw(train,D10): /data_2/qujiaxiang/preprocessed_data_D10.pt (9.2GB)
[io] still loading raw(train,D10) (20.0s): /data_2/qujiaxiang/preprocessed_data_D10.pt
[io] still loading raw(train,D10) (40.0s): /data_2/qujiaxiang/preprocessed_data_D10.pt
[io] still loading raw(train,D10) (60.0s): /data_2/qujiaxiang/preprocessed_data_D10.pt
[io] still loading raw(train,D10) (80.0s): /data_2/qujiaxiang/preprocessed_data_D10.pt
[io] loaded raw(train,D10) in 87.4s: /data_2/qujiaxiang/preprocessed_data_D10.pt
[io] loading raw(train,D4): /data_2/qujiaxiang/preprocessed_data_D4.pt (9.2GB)
[io] still loading raw(train,D4) (20.0s): /data_2/qujiaxiang/preprocessed_data_D4.pt
[io] still loading raw(train,D4) (40.0s): /data_2/qujiaxiang/preprocessed_data_D4.pt
[io] loaded raw(train,D4) in 52.6s: /data_2/qujiaxiang/preprocessed_data_D4.pt
[io] loading raw(train,NORMAL_from_D50_x0): /data_2/qujiaxiang/preprocessed_data_D50.pt (9.2GB)
[io] still loading raw(train,NORMAL_from_D50_x0) (20.0s): /data_2/qujiaxiang/preprocessed_data_D50.pt
[io] loaded raw(train,NORMAL_from_D50_x0) in 36.0s: /data_2/qujiaxiang/preprocessed_data_D50.pt
[startup] train dataset ready: 104988 pair-samples
[io] loading latents(val): /data_2/qujiaxiang/lowdose_pet_ct/latents_224/latents_val.pt (32.5GB)
[io] still loading latents(val) (20.0s): /data_2/qujiaxiang/lowdose_pet_ct/latents_224/latents_val.pt
[io] still loading latents(val) (40.0s): /data_2/qujiaxiang/lowdose_pet_ct/latents_224/latents_val.pt
[io] still loading latents(val) (60.0s): /data_2/qujiaxiang/lowdose_pet_ct/latents_224/latents_val.pt
[io] still loading latents(val) (80.0s): /data_2/qujiaxiang/lowdose_pet_ct/latents_224/latents_val.pt
[io] still loading latents(val) (100.0s): /data_2/qujiaxiang/lowdose_pet_ct/latents_224/latents_val.pt
[io] still loading latents(val) (120.0s): /data_2/qujiaxiang/lowdose_pet_ct/latents_224/latents_val.pt
[io] still loading latents(val) (140.0s): /data_2/qujiaxiang/lowdose_pet_ct/latents_224/latents_val.pt
[io] loaded latents(val) in 146.2s: /data_2/qujiaxiang/lowdose_pet_ct/latents_224/latents_val.pt
[io] loading raw(val,D50): /data_2/qujiaxiang/preprocessed_data_D50.pt (9.2GB)
[io] still loading raw(val,D50) (20.0s): /data_2/qujiaxiang/preprocessed_data_D50.pt
[io] loaded raw(val,D50) in 38.4s: /data_2/qujiaxiang/preprocessed_data_D50.pt
[io] loading raw(val,D20): /data_2/qujiaxiang/preprocessed_data_D20.pt (9.2GB)
[io] still loading raw(val,D20) (20.0s): /data_2/qujiaxiang/preprocessed_data_D20.pt
[io] still loading raw(val,D20) (40.0s): /data_2/qujiaxiang/preprocessed_data_D20.pt
[io] loaded raw(val,D20) in 55.4s: /data_2/qujiaxiang/preprocessed_data_D20.pt
[io] loading raw(val,D10): /data_2/qujiaxiang/preprocessed_data_D10.pt (9.2GB)
[io] still loading raw(val,D10) (20.0s): /data_2/qujiaxiang/preprocessed_data_D10.pt
[io] still loading raw(val,D10) (40.0s): /data_2/qujiaxiang/preprocessed_data_D10.pt
[io] loaded raw(val,D10) in 58.3s: /data_2/qujiaxiang/preprocessed_data_D10.pt
[io] loading raw(val,D4): /data_2/qujiaxiang/preprocessed_data_D4.pt (9.2GB)
[io] still loading raw(val,D4) (20.0s): /data_2/qujiaxiang/preprocessed_data_D4.pt
[io] still loading raw(val,D4) (40.0s): /data_2/qujiaxiang/preprocessed_data_D4.pt
[io] still loading raw(val,D4) (60.0s): /data_2/qujiaxiang/preprocessed_data_D4.pt
[io] loaded raw(val,D4) in 73.6s: /data_2/qujiaxiang/preprocessed_data_D4.pt
[io] loading raw(val,NORMAL_from_D50_x0): /data_2/qujiaxiang/preprocessed_data_D50.pt (9.2GB)
[io] still loading raw(val,NORMAL_from_D50_x0) (20.0s): /data_2/qujiaxiang/preprocessed_data_D50.pt
[io] loaded raw(val,NORMAL_from_D50_x0) in 36.1s: /data_2/qujiaxiang/preprocessed_data_D50.pt
[startup] val dataset ready: 29612 pair-samples
[alignment][train] D50:matched=42.49dB,gap_roll1=21.56dB,n=256 | D20:matched=46.48dB,gap_roll1=24.74dB,n=256 | NORMAL:matched=52.65dB,gap_roll1=30.10dB,n=256
[alignment][val] D50:matched=42.31dB,gap_roll1=21.88dB,n=256 | D20:matched=46.33dB,gap_roll1=25.10dB,n=256 | NORMAL:matched=52.35dB,gap_roll1=30.44dB,n=256
[transport] pair_sample_probs(normalized)= [0.25, 0.25, 0.25, 0.25]
[startup] dataloaders ready: main_bs=8, hop0_aux_bs=2, workers=0
[rollout] path= ['D50', 'D20', 'D10', 'D4', 'NORMAL']
encoder_config_path: /home/qujiaxiang/project/RAE/dinov2
Loaded RAE checkpoint from /data_2/qujiaxiang/outputs/pet_lora_dinov2_pt_224/best_model.pt
[startup] model initialized
[startup] freeze_all_except_seam_refiner=true: 742 frozen, 30 trainable (only seam_refiner remains trainable)
[optimizer] AdamW base_lr=8.000e-05, wd_global=1.000e-02, wd_backbone=1.000e-02, wd_firsthop=0.000e+00, betas=(0.9, 0.95), backbone_lr_mult=0.40, first_hop_lr_mult=3.50
[optimizer] params: backbone=0, first_hop=9,025
[lr_schedule] warmup+cosine enabled: warmup_steps=3000, min_lr=2.000e-06
[schedule] rollout warmup=2000 ramp=6000; image warmup=1000 ramp=3000
[d1_best] enabled: metric=val_hop0_img_seam, file=best_d1.pt, min_step=4000, guard_metric=val_chain_normal_mse, guard_rel_tol=0.0300
[startup] resume enabled: force metrics_jsonl_mode=append
[resume][info] 30 new-module keys initialized from scratch: ['seam_refiner.stem.0.weight', 'seam_refiner.stem.0.bias', 'seam_refiner.stem.1.weight', 'seam_refiner.stem.1.bias', 'seam_refiner.body.0.0.weight', 'seam_refiner.body.0.0.bias', 'seam_refiner.body.0.1.weight', 'seam_refiner.body.0.1.bias', 'seam_refiner.body.0.3.weight', 'seam_refiner.body.0.3.bias']...
[resume][warn] architecture has new modules — skipping optimizer/scaler restore and resetting best_val/step to avoid stale state.
[resume][warm-start] architecture changed → reset step=0, best_val=inf, fresh optimizer/scaler/rng (model weights warm-started from checkpoint)
[resume] loaded step=0, best_val=inf, best_metric_name=val_multi_objective
[resume] loaded best_d1_metric=val_hop0_img_seam, best_d1_val=inf, best_d1_guard_best=inf
/home/qujiaxiang/.conda/envs/rae/lib/python3.10/site-packages/torch/nn/modules/linear.py:116: UserWarning: Deterministic behavior was enabled with either `torch.use_deterministic_algorithms(True)` or `at::Context::setDeterministicAlgorithms(true)`, but this operation is not deterministic because it uses CuBLAS and you have CUDA >= 10.2. To enable deterministic behavior in this case, you must set an environment variable before running your PyTorch application: CUBLAS_WORKSPACE_CONFIG=:4096:8 or CUBLAS_WORKSPACE_CONFIG=:16:8. For more information, go to https://docs.nvidia.com/cuda/cublas/index.html#cublasApi_reproducibility (Triggered internally at ../aten/src/ATen/Context.cpp:164.)
  return F.linear(input, self.weight, self.bias)
/home/qujiaxiang/project/RAE/code/RAE/src/stage1/decoders/decoder.py:368: UserWarning: Deterministic behavior was enabled with either `torch.use_deterministic_algorithms(True)` or `at::Context::setDeterministicAlgorithms(true)`, but this operation is not deterministic because it uses CuBLAS and you have CUDA >= 10.2. To enable deterministic behavior in this case, you must set an environment variable before running your PyTorch application: CUBLAS_WORKSPACE_CONFIG=:4096:8 or CUBLAS_WORKSPACE_CONFIG=:16:8. For more information, go to https://docs.nvidia.com/cuda/cublas/index.html#cublasApi_reproducibility (Triggered internally at ../aten/src/ATen/Context.cpp:164.)
  attention_scores = torch.matmul(query_layer, key_layer.transpose(-1, -2))
/home/qujiaxiang/project/RAE/code/RAE/src/stage1/decoders/decoder.py:383: UserWarning: Deterministic behavior was enabled with either `torch.use_deterministic_algorithms(True)` or `at::Context::setDeterministicAlgorithms(true)`, but this operation is not deterministic because it uses CuBLAS and you have CUDA >= 10.2. To enable deterministic behavior in this case, you must set an environment variable before running your PyTorch application: CUBLAS_WORKSPACE_CONFIG=:4096:8 or CUBLAS_WORKSPACE_CONFIG=:16:8. For more information, go to https://docs.nvidia.com/cuda/cublas/index.html#cublasApi_reproducibility (Triggered internally at ../aten/src/ATen/Context.cpp:164.)
  context_layer = torch.matmul(attention_probs, value_layer)
[val] step=00400 val_pair_total=0.000200 val_pair_velocity=0.000100 val_pair_endpoint=0.000100 val_rollout_total=0.001007 val_hop0_img_total=0.007149 val_hop0_img_l1=0.002790 val_hop0_img_ssim=0.015292 val_hop0_img_seam=0.002677 val_foc_total=0.000000 val_foc_gap=0.000000 val_chain_d20_mse=0.000235 val_chain_d10_mse=0.000207 val_chain_d4_mse=0.000178 val_chain_normal_mse=0.000162 val_chain_d20_raw_mse=0.000235 val_chain_d10_raw_mse=0.000207 val_chain_d4_raw_mse=0.000178 val_chain_normal_raw_mse=0.000162 val_rollout_step_0=0.000901 val_rollout_step_1=0.000957 val_rollout_step_2=0.000988 val_rollout_step_3=0.001148 val_chain_tail_mse=0.000182 val_chain_samples=512.000000 val_chain_unique_slices=512.000000 val_main_batches_evaluated=64.000000 val_hop0_batches_evaluated=64.000000 val_main_window_start_batch=0.000000 val_hop0_window_start_batch=0.000000 val_select_score=0.000532 val_d1_skipped_before_min_step=4000.000000
[val] new best val_multi_objective(0.15*val_chain_d20_mse + 0.45*val_chain_d10_mse + 0.9*val_chain_d4_mse + 1.5*val_chain_normal_mse)=0.000532 at step=400
[val] step=00800 val_pair_total=0.000207 val_pair_velocity=0.000104 val_pair_endpoint=0.000104 val_rollout_total=0.000918 val_hop0_img_total=0.006349 val_hop0_img_l1=0.002529 val_hop0_img_ssim=0.013295 val_hop0_img_seam=0.002481 val_foc_total=0.000000 val_foc_gap=0.000000 val_chain_d20_mse=0.000393 val_chain_d10_mse=0.000344 val_chain_d4_mse=0.000300 val_chain_normal_mse=0.000275 val_chain_d20_raw_mse=0.000393 val_chain_d10_raw_mse=0.000344 val_chain_d4_raw_mse=0.000300 val_chain_normal_raw_mse=0.000275 val_rollout_step_0=0.000932 val_rollout_step_1=0.000928 val_rollout_step_2=0.000900 val_rollout_step_3=0.000916 val_chain_tail_mse=0.000307 val_chain_samples=512.000000 val_chain_unique_slices=512.000000 val_main_batches_evaluated=64.000000 val_hop0_batches_evaluated=64.000000 val_main_window_start_batch=64.000000 val_hop0_window_start_batch=64.000000 val_select_score=0.000897 val_d1_skipped_before_min_step=4000.000000
[val] step=01200 val_pair_total=0.000205 val_pair_velocity=0.000103 val_pair_endpoint=0.000103 val_rollout_total=0.000923 val_hop0_img_total=0.006148 val_hop0_img_l1=0.002428 val_hop0_img_ssim=0.012986 val_hop0_img_seam=0.002369 val_foc_total=0.000000 val_foc_gap=0.000000 val_chain_d20_mse=0.000422 val_chain_d10_mse=0.000373 val_chain_d4_mse=0.000329 val_chain_normal_mse=0.000304 val_chain_d20_raw_mse=0.000422 val_chain_d10_raw_mse=0.000373 val_chain_d4_raw_mse=0.000329 val_chain_normal_raw_mse=0.000304 val_rollout_step_0=0.000924 val_rollout_step_1=0.000936 val_rollout_step_2=0.000919 val_rollout_step_3=0.000915 val_chain_tail_mse=0.000336 val_chain_samples=512.000000 val_chain_unique_slices=512.000000 val_main_batches_evaluated=64.000000 val_hop0_batches_evaluated=64.000000 val_main_window_start_batch=128.000000 val_hop0_window_start_batch=128.000000 val_select_score=0.000984 val_d1_skipped_before_min_step=4000.000000
[val] step=01600 val_pair_total=0.000194 val_pair_velocity=0.000097 val_pair_endpoint=0.000097 val_rollout_total=0.000931 val_hop0_img_total=0.006726 val_hop0_img_l1=0.002654 val_hop0_img_ssim=0.014242 val_hop0_img_seam=0.002559 val_foc_total=0.000000 val_foc_gap=0.000000 val_chain_d20_mse=0.000289 val_chain_d10_mse=0.000267 val_chain_d4_mse=0.000235 val_chain_normal_mse=0.000221 val_chain_d20_raw_mse=0.000289 val_chain_d10_raw_mse=0.000267 val_chain_d4_raw_mse=0.000235 val_chain_normal_raw_mse=0.000222 val_rollout_step_0=0.000873 val_rollout_step_1=0.000947 val_rollout_step_2=0.000935 val_rollout_step_3=0.000957 val_chain_tail_mse=0.000241 val_chain_samples=512.000000 val_chain_unique_slices=512.000000 val_main_batches_evaluated=64.000000 val_hop0_batches_evaluated=64.000000 val_main_window_start_batch=192.000000 val_hop0_window_start_batch=192.000000 val_select_score=0.000707 val_d1_skipped_before_min_step=4000.000000
[val] step=02000 val_pair_total=0.000154 val_pair_velocity=0.000077 val_pair_endpoint=0.000077 val_rollout_total=0.000845 val_hop0_img_total=0.007220 val_hop0_img_l1=0.002844 val_hop0_img_ssim=0.015330 val_hop0_img_seam=0.002719 val_foc_total=0.000000 val_foc_gap=0.000000 val_chain_d20_mse=0.000237 val_chain_d10_mse=0.000225 val_chain_d4_mse=0.000204 val_chain_normal_mse=0.000196 val_chain_d20_raw_mse=0.000237 val_chain_d10_raw_mse=0.000226 val_chain_d4_raw_mse=0.000205 val_chain_normal_raw_mse=0.000197 val_rollout_step_0=0.000694 val_rollout_step_1=0.000735 val_rollout_step_2=0.000825 val_rollout_step_3=0.001072 val_chain_tail_mse=0.000209 val_chain_samples=512.000000 val_chain_unique_slices=512.000000 val_main_batches_evaluated=64.000000 val_hop0_batches_evaluated=64.000000 val_main_window_start_batch=256.000000 val_hop0_window_start_batch=256.000000 val_select_score=0.000615 val_d1_skipped_before_min_step=4000.000000
[val] step=02400 val_pair_total=0.000293 val_pair_velocity=0.000147 val_pair_endpoint=0.000147 val_rollout_total=0.001316 val_hop0_img_total=0.009897 val_hop0_img_l1=0.003903 val_hop0_img_ssim=0.021090 val_hop0_img_seam=0.003609 val_foc_total=0.000000 val_foc_gap=0.000000 val_chain_d20_mse=0.000587 val_chain_d10_mse=0.000499 val_chain_d4_mse=0.000421 val_chain_normal_mse=0.000379 val_chain_d20_raw_mse=0.000588 val_chain_d10_raw_mse=0.000501 val_chain_d4_raw_mse=0.000423 val_chain_normal_raw_mse=0.000381 val_rollout_step_0=0.001319 val_rollout_step_1=0.001285 val_rollout_step_2=0.001307 val_rollout_step_3=0.001348 val_chain_tail_mse=0.000433 val_chain_samples=512.000000 val_chain_unique_slices=512.000000 val_main_batches_evaluated=64.000000 val_hop0_batches_evaluated=64.000000 val_main_window_start_batch=320.000000 val_hop0_window_start_batch=320.000000 val_select_score=0.001261 val_d1_skipped_before_min_step=4000.000000
[val] step=02800 val_pair_total=0.000269 val_pair_velocity=0.000135 val_pair_endpoint=0.000135 val_rollout_total=0.001186 val_hop0_img_total=0.009507 val_hop0_img_l1=0.003748 val_hop0_img_ssim=0.020273 val_hop0_img_seam=0.003451 val_foc_total=0.000000 val_foc_gap=0.000000 val_chain_d20_mse=0.000540 val_chain_d10_mse=0.000461 val_chain_d4_mse=0.000394 val_chain_normal_mse=0.000360 val_chain_d20_raw_mse=0.000542 val_chain_d10_raw_mse=0.000464 val_chain_d4_raw_mse=0.000397 val_chain_normal_raw_mse=0.000363 val_rollout_step_0=0.001212 val_rollout_step_1=0.001173 val_rollout_step_2=0.001180 val_rollout_step_3=0.001183 val_chain_tail_mse=0.000405 val_chain_samples=512.000000 val_chain_unique_slices=512.000000 val_main_batches_evaluated=64.000000 val_hop0_batches_evaluated=64.000000 val_main_window_start_batch=384.000000 val_hop0_window_start_batch=384.000000 val_select_score=0.001183 val_d1_skipped_before_min_step=4000.000000
[val] step=03200 val_pair_total=0.000179 val_pair_velocity=0.000089 val_pair_endpoint=0.000089 val_rollout_total=0.000828 val_hop0_img_total=0.010033 val_hop0_img_l1=0.003968 val_hop0_img_ssim=0.021380 val_hop0_img_seam=0.003596 val_foc_total=0.000000 val_foc_gap=0.000000 val_chain_d20_mse=0.000367 val_chain_d10_mse=0.000340 val_chain_d4_mse=0.000312 val_chain_normal_mse=0.000301 val_chain_d20_raw_mse=0.000370 val_chain_d10_raw_mse=0.000343 val_chain_d4_raw_mse=0.000316 val_chain_normal_raw_mse=0.000305 val_rollout_step_0=0.000804 val_rollout_step_1=0.000817 val_rollout_step_2=0.000823 val_rollout_step_3=0.000862 val_chain_tail_mse=0.000318 val_chain_samples=512.000000 val_chain_unique_slices=512.000000 val_main_batches_evaluated=64.000000 val_hop0_batches_evaluated=64.000000 val_main_window_start_batch=448.000000 val_hop0_window_start_batch=448.000000 val_select_score=0.000941 val_d1_skipped_before_min_step=4000.000000
[val] step=03600 val_pair_total=0.000133 val_pair_velocity=0.000066 val_pair_endpoint=0.000066 val_rollout_total=0.000634 val_hop0_img_total=0.010310 val_hop0_img_l1=0.004065 val_hop0_img_ssim=0.022035 val_hop0_img_seam=0.003681 val_foc_total=0.000000 val_foc_gap=0.000000 val_chain_d20_mse=0.000264 val_chain_d10_mse=0.000245 val_chain_d4_mse=0.000223 val_chain_normal_mse=0.000212 val_chain_d20_raw_mse=0.000265 val_chain_d10_raw_mse=0.000247 val_chain_d4_raw_mse=0.000225 val_chain_normal_raw_mse=0.000214 val_rollout_step_0=0.000597 val_rollout_step_1=0.000605 val_rollout_step_2=0.000618 val_rollout_step_3=0.000702 val_chain_tail_mse=0.000226 val_chain_samples=512.000000 val_chain_unique_slices=512.000000 val_main_batches_evaluated=64.000000 val_hop0_batches_evaluated=64.000000 val_main_window_start_batch=512.000000 val_hop0_window_start_batch=512.000000 val_select_score=0.000668 val_d1_skipped_before_min_step=4000.000000
[val] new d1-best val_hop0_img_seam=0.003962 (file=best_d1.pt) at step=4000
[val] step=04000 val_pair_total=0.000124 val_pair_velocity=0.000062 val_pair_endpoint=0.000062 val_rollout_total=0.000586 val_hop0_img_total=0.010958 val_hop0_img_l1=0.004357 val_hop0_img_ssim=0.023235 val_hop0_img_seam=0.003962 val_foc_total=0.000000 val_foc_gap=0.000000 val_chain_d20_mse=0.000239 val_chain_d10_mse=0.000219 val_chain_d4_mse=0.000196 val_chain_normal_mse=0.000186 val_chain_d20_raw_mse=0.000241 val_chain_d10_raw_mse=0.000221 val_chain_d4_raw_mse=0.000198 val_chain_normal_raw_mse=0.000188 val_rollout_step_0=0.000557 val_rollout_step_1=0.000576 val_rollout_step_2=0.000584 val_rollout_step_3=0.000617 val_chain_tail_mse=0.000200 val_chain_samples=512.000000 val_chain_unique_slices=512.000000 val_main_batches_evaluated=64.000000 val_hop0_batches_evaluated=64.000000 val_main_window_start_batch=576.000000 val_hop0_window_start_batch=576.000000 val_select_score=0.000589 val_d1_guard_metric=0.000186 val_d1_guard_limit=nan val_d1_guard_ok=1.000000 val_d1_select_score=0.003962
[val] step=04400 val_pair_total=0.000143 val_pair_velocity=0.000071 val_pair_endpoint=0.000071 val_rollout_total=0.000624 val_hop0_img_total=0.008826 val_hop0_img_l1=0.003509 val_hop0_img_ssim=0.018729 val_hop0_img_seam=0.003178 val_foc_total=0.000000 val_foc_gap=0.000000 val_chain_d20_mse=0.000257 val_chain_d10_mse=0.000234 val_chain_d4_mse=0.000207 val_chain_normal_mse=0.000196 val_chain_d20_raw_mse=0.000258 val_chain_d10_raw_mse=0.000236 val_chain_d4_raw_mse=0.000209 val_chain_normal_raw_mse=0.000198 val_rollout_step_0=0.000642 val_rollout_step_1=0.000620 val_rollout_step_2=0.000614 val_rollout_step_3=0.000624 val_chain_tail_mse=0.000212 val_chain_samples=512.000000 val_chain_unique_slices=512.000000 val_main_batches_evaluated=64.000000 val_hop0_batches_evaluated=64.000000 val_main_window_start_batch=640.000000 val_hop0_window_start_batch=640.000000 val_select_score=0.000623 val_d1_guard_metric=0.000196 val_d1_guard_limit=0.000191 val_d1_guard_ok=0.000000 val_d1_select_score=0.003178
[val] step=04800 val_pair_total=0.000150 val_pair_velocity=0.000075 val_pair_endpoint=0.000075 val_rollout_total=0.000672 val_hop0_img_total=0.005876 val_hop0_img_l1=0.002367 val_hop0_img_ssim=0.012291 val_hop0_img_seam=0.002181 val_foc_total=0.000000 val_foc_gap=0.000000 val_chain_d20_mse=0.000300 val_chain_d10_mse=0.000273 val_chain_d4_mse=0.000245 val_chain_normal_mse=0.000233 val_chain_d20_raw_mse=0.000302 val_chain_d10_raw_mse=0.000276 val_chain_d4_raw_mse=0.000247 val_chain_normal_raw_mse=0.000236 val_rollout_step_0=0.000677 val_rollout_step_1=0.000669 val_rollout_step_2=0.000659 val_rollout_step_3=0.000683 val_chain_tail_mse=0.000250 val_chain_samples=512.000000 val_chain_unique_slices=512.000000 val_main_batches_evaluated=64.000000 val_hop0_batches_evaluated=64.000000 val_main_window_start_batch=704.000000 val_hop0_window_start_batch=704.000000 val_select_score=0.000737 val_d1_guard_metric=0.000233 val_d1_guard_limit=0.000191 val_d1_guard_ok=0.000000 val_d1_select_score=0.002181
[val] step=05200 val_pair_total=0.000139 val_pair_velocity=0.000069 val_pair_endpoint=0.000069 val_rollout_total=0.000637 val_hop0_img_total=0.006347 val_hop0_img_l1=0.002539 val_hop0_img_ssim=0.013368 val_hop0_img_seam=0.002333 val_foc_total=0.000000 val_foc_gap=0.000000 val_chain_d20_mse=0.000279 val_chain_d10_mse=0.000249 val_chain_d4_mse=0.000218 val_chain_normal_mse=0.000203 val_chain_d20_raw_mse=0.000281 val_chain_d10_raw_mse=0.000251 val_chain_d4_raw_mse=0.000220 val_chain_normal_raw_mse=0.000207 val_rollout_step_0=0.000624 val_rollout_step_1=0.000639 val_rollout_step_2=0.000622 val_rollout_step_3=0.000659 val_chain_tail_mse=0.000223 val_chain_samples=512.000000 val_chain_unique_slices=512.000000 val_main_batches_evaluated=64.000000 val_hop0_batches_evaluated=64.000000 val_main_window_start_batch=768.000000 val_hop0_window_start_batch=768.000000 val_select_score=0.000655 val_d1_guard_metric=0.000203 val_d1_guard_limit=0.000191 val_d1_guard_ok=0.000000 val_d1_select_score=0.002333
[val] new d1-best val_hop0_img_seam=0.002490 (file=best_d1.pt) at step=5600
[val] step=05600 val_pair_total=0.000136 val_pair_velocity=0.000068 val_pair_endpoint=0.000068 val_rollout_total=0.000636 val_hop0_img_total=0.006744 val_hop0_img_l1=0.002716 val_hop0_img_ssim=0.014120 val_hop0_img_seam=0.002490 val_foc_total=0.000000 val_foc_gap=0.000000 val_chain_d20_mse=0.000211 val_chain_d10_mse=0.000197 val_chain_d4_mse=0.000180 val_chain_normal_mse=0.000170 val_chain_d20_raw_mse=0.000212 val_chain_d10_raw_mse=0.000199 val_chain_d4_raw_mse=0.000182 val_chain_normal_raw_mse=0.000172 val_rollout_step_0=0.000613 val_rollout_step_1=0.000648 val_rollout_step_2=0.000630 val_rollout_step_3=0.000650 val_chain_tail_mse=0.000182 val_chain_samples=512.000000 val_chain_unique_slices=512.000000 val_main_batches_evaluated=64.000000 val_hop0_batches_evaluated=64.000000 val_main_window_start_batch=832.000000 val_hop0_window_start_batch=832.000000 val_select_score=0.000536 val_d1_guard_metric=0.000170 val_d1_guard_limit=0.000191 val_d1_guard_ok=1.000000 val_d1_select_score=0.002490
[val] new d1-best val_hop0_img_seam=0.002424 (file=best_d1.pt) at step=6000
[val] step=06000 val_pair_total=0.000075 val_pair_velocity=0.000038 val_pair_endpoint=0.000038 val_rollout_total=0.000882 val_hop0_img_total=0.006593 val_hop0_img_l1=0.002641 val_hop0_img_ssim=0.013869 val_hop0_img_seam=0.002424 val_foc_total=0.000000 val_foc_gap=0.000000 val_chain_d20_mse=0.000223 val_chain_d10_mse=0.000202 val_chain_d4_mse=0.000178 val_chain_normal_mse=0.000164 val_chain_d20_raw_mse=0.000224 val_chain_d10_raw_mse=0.000203 val_chain_d4_raw_mse=0.000179 val_chain_normal_raw_mse=0.000168 val_rollout_step_0=0.000820 val_rollout_step_1=0.000857 val_rollout_step_2=0.000886 val_rollout_step_3=0.000949 val_chain_tail_mse=0.000181 val_chain_samples=512.000000 val_chain_unique_slices=512.000000 val_main_batches_evaluated=64.000000 val_hop0_batches_evaluated=64.000000 val_main_window_start_batch=896.000000 val_hop0_window_start_batch=896.000000 val_select_score=0.000531 val_d1_guard_metric=0.000164 val_d1_guard_limit=0.000175 val_d1_guard_ok=1.000000 val_d1_select_score=0.002424
[val] new best val_multi_objective(0.15*val_chain_d20_mse + 0.45*val_chain_d10_mse + 0.9*val_chain_d4_mse + 1.5*val_chain_normal_mse)=0.000531 at step=6000
[val] step=06400 val_pair_total=0.000023 val_pair_velocity=0.000012 val_pair_endpoint=0.000012 val_rollout_total=0.000957 val_hop0_img_total=0.006998 val_hop0_img_l1=0.002838 val_hop0_img_ssim=0.014555 val_hop0_img_seam=0.002603 val_foc_total=0.000000 val_foc_gap=0.000000 val_chain_d20_mse=0.000291 val_chain_d10_mse=0.000256 val_chain_d4_mse=0.000222 val_chain_normal_mse=0.000202 val_chain_d20_raw_mse=0.000293 val_chain_d10_raw_mse=0.000258 val_chain_d4_raw_mse=0.000224 val_chain_normal_raw_mse=0.000205 val_rollout_step_0=0.000868 val_rollout_step_1=0.000939 val_rollout_step_2=0.000934 val_rollout_step_3=0.001062 val_chain_tail_mse=0.000226 val_chain_samples=512.000000 val_chain_unique_slices=512.000000 val_main_batches_evaluated=64.000000 val_hop0_batches_evaluated=64.000000 val_main_window_start_batch=960.000000 val_hop0_window_start_batch=960.000000 val_select_score=0.000661 val_d1_guard_metric=0.000202 val_d1_guard_limit=0.000169 val_d1_guard_ok=0.000000 val_d1_select_score=0.002603
[val] step=06800 val_pair_total=0.000025 val_pair_velocity=0.000012 val_pair_endpoint=0.000012 val_rollout_total=0.000865 val_hop0_img_total=0.005216 val_hop0_img_l1=0.002133 val_hop0_img_ssim=0.010792 val_hop0_img_seam=0.001924 val_foc_total=0.000000 val_foc_gap=0.000000 val_chain_d20_mse=0.000482 val_chain_d10_mse=0.000419 val_chain_d4_mse=0.000366 val_chain_normal_mse=0.000333 val_chain_d20_raw_mse=0.000485 val_chain_d10_raw_mse=0.000423 val_chain_d4_raw_mse=0.000370 val_chain_normal_raw_mse=0.000338 val_rollout_step_0=0.000924 val_rollout_step_1=0.000884 val_rollout_step_2=0.000845 val_rollout_step_3=0.000823 val_chain_tail_mse=0.000373 val_chain_samples=512.000000 val_chain_unique_slices=512.000000 val_main_batches_evaluated=64.000000 val_hop0_batches_evaluated=64.000000 val_main_window_start_batch=1024.000000 val_hop0_window_start_batch=1024.000000 val_select_score=0.001089 val_d1_guard_metric=0.000333 val_d1_guard_limit=0.000169 val_d1_guard_ok=0.000000 val_d1_select_score=0.001924
[val] step=07200 val_pair_total=0.000026 val_pair_velocity=0.000013 val_pair_endpoint=0.000013 val_rollout_total=0.000970 val_hop0_img_total=0.005417 val_hop0_img_l1=0.002253 val_hop0_img_ssim=0.011019 val_hop0_img_seam=0.002044 val_foc_total=0.000000 val_foc_gap=0.000000 val_chain_d20_mse=0.000289 val_chain_d10_mse=0.000261 val_chain_d4_mse=0.000232 val_chain_normal_mse=0.000217 val_chain_d20_raw_mse=0.000291 val_chain_d10_raw_mse=0.000263 val_chain_d4_raw_mse=0.000234 val_chain_normal_raw_mse=0.000220 val_rollout_step_0=0.000927 val_rollout_step_1=0.000983 val_rollout_step_2=0.000974 val_rollout_step_3=0.000990 val_chain_tail_mse=0.000237 val_chain_samples=512.000000 val_chain_unique_slices=512.000000 val_main_batches_evaluated=64.000000 val_hop0_batches_evaluated=64.000000 val_main_window_start_batch=1088.000000 val_hop0_window_start_batch=1088.000000 val_select_score=0.000694 val_d1_guard_metric=0.000217 val_d1_guard_limit=0.000169 val_d1_guard_ok=0.000000 val_d1_select_score=0.002044
[val] step=07600 val_pair_total=0.000022 val_pair_velocity=0.000011 val_pair_endpoint=0.000011 val_rollout_total=0.000835 val_hop0_img_total=0.005368 val_hop0_img_l1=0.002220 val_hop0_img_ssim=0.010972 val_hop0_img_seam=0.002025 val_foc_total=0.000000 val_foc_gap=0.000000 val_chain_d20_mse=0.000259 val_chain_d10_mse=0.000244 val_chain_d4_mse=0.000217 val_chain_normal_mse=0.000205 val_chain_d20_raw_mse=0.000261 val_chain_d10_raw_mse=0.000245 val_chain_d4_raw_mse=0.000219 val_chain_normal_raw_mse=0.000208 val_rollout_step_0=0.000729 val_rollout_step_1=0.000781 val_rollout_step_2=0.000828 val_rollout_step_3=0.000969 val_chain_tail_mse=0.000222 val_chain_samples=512.000000 val_chain_unique_slices=512.000000 val_main_batches_evaluated=64.000000 val_hop0_batches_evaluated=64.000000 val_main_window_start_batch=1152.000000 val_hop0_window_start_batch=1152.000000 val_select_score=0.000652 val_d1_guard_metric=0.000205 val_d1_guard_limit=0.000169 val_d1_guard_ok=0.000000 val_d1_select_score=0.002025
[val] step=08000 val_pair_total=0.000027 val_pair_velocity=0.000014 val_pair_endpoint=0.000014 val_rollout_total=0.001062 val_hop0_img_total=0.005736 val_hop0_img_l1=0.002387 val_hop0_img_ssim=0.011672 val_hop0_img_seam=0.002154 val_foc_total=0.000000 val_foc_gap=0.000000 val_chain_d20_mse=0.000402 val_chain_d10_mse=0.000359 val_chain_d4_mse=0.000311 val_chain_normal_mse=0.000288 val_chain_d20_raw_mse=0.000405 val_chain_d10_raw_mse=0.000362 val_chain_d4_raw_mse=0.000315 val_chain_normal_raw_mse=0.000293 val_rollout_step_0=0.000983 val_rollout_step_1=0.000969 val_rollout_step_2=0.001051 val_rollout_step_3=0.001214 val_chain_tail_mse=0.000319 val_chain_samples=512.000000 val_chain_unique_slices=512.000000 val_main_batches_evaluated=64.000000 val_hop0_batches_evaluated=64.000000 val_main_window_start_batch=1216.000000 val_hop0_window_start_batch=1216.000000 val_select_score=0.000933 val_d1_guard_metric=0.000288 val_d1_guard_limit=0.000169 val_d1_guard_ok=0.000000 val_d1_select_score=0.002154
[val] step=08400 val_pair_total=0.000044 val_pair_velocity=0.000022 val_pair_endpoint=0.000022 val_rollout_total=0.001469 val_hop0_img_total=0.005771 val_hop0_img_l1=0.002405 val_hop0_img_ssim=0.011720 val_hop0_img_seam=0.002181 val_foc_total=0.000000 val_foc_gap=0.000000 val_chain_d20_mse=0.000677 val_chain_d10_mse=0.000560 val_chain_d4_mse=0.000465 val_chain_normal_mse=0.000411 val_chain_d20_raw_mse=0.000681 val_chain_d10_raw_mse=0.000565 val_chain_d4_raw_mse=0.000471 val_chain_normal_raw_mse=0.000418 val_rollout_step_0=0.001503 val_rollout_step_1=0.001467 val_rollout_step_2=0.001464 val_rollout_step_3=0.001450 val_chain_tail_mse=0.000479 val_chain_samples=512.000000 val_chain_unique_slices=512.000000 val_main_batches_evaluated=64.000000 val_hop0_batches_evaluated=64.000000 val_main_window_start_batch=1280.000000 val_hop0_window_start_batch=1280.000000 val_select_score=0.001388 val_d1_guard_metric=0.000411 val_d1_guard_limit=0.000169 val_d1_guard_ok=0.000000 val_d1_select_score=0.002181
[val] step=08800 val_pair_total=0.000025 val_pair_velocity=0.000012 val_pair_endpoint=0.000012 val_rollout_total=0.000836 val_hop0_img_total=0.012984 val_hop0_img_l1=0.004996 val_hop0_img_ssim=0.028333 val_hop0_img_seam=0.004525 val_foc_total=0.000000 val_foc_gap=0.000000 val_chain_d20_mse=0.000356 val_chain_d10_mse=0.000325 val_chain_d4_mse=0.000296 val_chain_normal_mse=0.000285 val_chain_d20_raw_mse=0.000360 val_chain_d10_raw_mse=0.000331 val_chain_d4_raw_mse=0.000302 val_chain_normal_raw_mse=0.000293 val_rollout_step_0=0.000815 val_rollout_step_1=0.000831 val_rollout_step_2=0.000830 val_rollout_step_3=0.000861 val_chain_tail_mse=0.000302 val_chain_samples=512.000000 val_chain_unique_slices=512.000000 val_main_batches_evaluated=64.000000 val_hop0_batches_evaluated=64.000000 val_main_window_start_batch=1344.000000 val_hop0_window_start_batch=1344.000000 val_select_score=0.000893 val_d1_guard_metric=0.000285 val_d1_guard_limit=0.000169 val_d1_guard_ok=0.000000 val_d1_select_score=0.004525
[val] step=09200 val_pair_total=0.000018 val_pair_velocity=0.000009 val_pair_endpoint=0.000009 val_rollout_total=0.000716 val_hop0_img_total=0.011838 val_hop0_img_l1=0.004654 val_hop0_img_ssim=0.025341 val_hop0_img_seam=0.004241 val_foc_total=0.000000 val_foc_gap=0.000000 val_chain_d20_mse=0.000298 val_chain_d10_mse=0.000278 val_chain_d4_mse=0.000254 val_chain_normal_mse=0.000242 val_chain_d20_raw_mse=0.000302 val_chain_d10_raw_mse=0.000282 val_chain_d4_raw_mse=0.000259 val_chain_normal_raw_mse=0.000249 val_rollout_step_0=0.000692 val_rollout_step_1=0.000694 val_rollout_step_2=0.000700 val_rollout_step_3=0.000769 val_chain_tail_mse=0.000258 val_chain_samples=512.000000 val_chain_unique_slices=512.000000 val_main_batches_evaluated=64.000000 val_hop0_batches_evaluated=64.000000 val_main_window_start_batch=1408.000000 val_hop0_window_start_batch=1408.000000 val_select_score=0.000762 val_d1_guard_metric=0.000242 val_d1_guard_limit=0.000169 val_d1_guard_ok=0.000000 val_d1_select_score=0.004241
[val] step=09600 val_pair_total=0.000015 val_pair_velocity=0.000008 val_pair_endpoint=0.000008 val_rollout_total=0.000615 val_hop0_img_total=0.011473 val_hop0_img_l1=0.004439 val_hop0_img_ssim=0.024903 val_hop0_img_seam=0.004045 val_foc_total=0.000000 val_foc_gap=0.000000 val_chain_d20_mse=0.000267 val_chain_d10_mse=0.000248 val_chain_d4_mse=0.000224 val_chain_normal_mse=0.000211 val_chain_d20_raw_mse=0.000270 val_chain_d10_raw_mse=0.000251 val_chain_d4_raw_mse=0.000227 val_chain_normal_raw_mse=0.000216 val_rollout_step_0=0.000585 val_rollout_step_1=0.000589 val_rollout_step_2=0.000601 val_rollout_step_3=0.000671 val_chain_tail_mse=0.000228 val_chain_samples=512.000000 val_chain_unique_slices=512.000000 val_main_batches_evaluated=64.000000 val_hop0_batches_evaluated=64.000000 val_main_window_start_batch=1472.000000 val_hop0_window_start_batch=1472.000000 val_select_score=0.000670 val_d1_guard_metric=0.000211 val_d1_guard_limit=0.000169 val_d1_guard_ok=0.000000 val_d1_select_score=0.004045
[val] step=10000 val_pair_total=0.000014 val_pair_velocity=0.000007 val_pair_endpoint=0.000007 val_rollout_total=0.000553 val_hop0_img_total=0.012026 val_hop0_img_l1=0.004641 val_hop0_img_ssim=0.026186 val_hop0_img_seam=0.004194 val_foc_total=0.000000 val_foc_gap=0.000000 val_chain_d20_mse=0.000226 val_chain_d10_mse=0.000206 val_chain_d4_mse=0.000183 val_chain_normal_mse=0.000173 val_chain_d20_raw_mse=0.000229 val_chain_d10_raw_mse=0.000209 val_chain_d4_raw_mse=0.000186 val_chain_normal_raw_mse=0.000178 val_rollout_step_0=0.000542 val_rollout_step_1=0.000557 val_rollout_step_2=0.000556 val_rollout_step_3=0.000556 val_chain_tail_mse=0.000187 val_chain_samples=512.000000 val_chain_unique_slices=512.000000 val_main_batches_evaluated=64.000000 val_hop0_batches_evaluated=64.000000 val_main_window_start_batch=1536.000000 val_hop0_window_start_batch=1536.000000 val_select_score=0.000551 val_d1_guard_metric=0.000173 val_d1_guard_limit=0.000169 val_d1_guard_ok=0.000000 val_d1_select_score=0.004194
[val] step=10400 val_pair_total=0.000020 val_pair_velocity=0.000010 val_pair_endpoint=0.000010 val_rollout_total=0.000712 val_hop0_img_total=0.013078 val_hop0_img_l1=0.005073 val_hop0_img_ssim=0.028343 val_hop0_img_seam=0.004598 val_foc_total=0.000000 val_foc_gap=0.000000 val_chain_d20_mse=0.000289 val_chain_d10_mse=0.000261 val_chain_d4_mse=0.000232 val_chain_normal_mse=0.000218 val_chain_d20_raw_mse=0.000292 val_chain_d10_raw_mse=0.000264 val_chain_d4_raw_mse=0.000235 val_chain_normal_raw_mse=0.000223 val_rollout_step_0=0.000726 val_rollout_step_1=0.000705 val_rollout_step_2=0.000696 val_rollout_step_3=0.000722 val_chain_tail_mse=0.000237 val_chain_samples=512.000000 val_chain_unique_slices=512.000000 val_main_batches_evaluated=64.000000 val_hop0_batches_evaluated=64.000000 val_main_window_start_batch=1600.000000 val_hop0_window_start_batch=1600.000000 val_select_score=0.000696 val_d1_guard_metric=0.000218 val_d1_guard_limit=0.000169 val_d1_guard_ok=0.000000 val_d1_select_score=0.004598
[val] step=10800 val_pair_total=0.000017 val_pair_velocity=0.000009 val_pair_endpoint=0.000009 val_rollout_total=0.000643 val_hop0_img_total=0.009133 val_hop0_img_l1=0.003677 val_hop0_img_ssim=0.019178 val_hop0_img_seam=0.003311 val_foc_total=0.000000 val_foc_gap=0.000000 val_chain_d20_mse=0.000293 val_chain_d10_mse=0.000265 val_chain_d4_mse=0.000234 val_chain_normal_mse=0.000221 val_chain_d20_raw_mse=0.000294 val_chain_d10_raw_mse=0.000267 val_chain_d4_raw_mse=0.000237 val_chain_normal_raw_mse=0.000225 val_rollout_step_0=0.000630 val_rollout_step_1=0.000642 val_rollout_step_2=0.000631 val_rollout_step_3=0.000663 val_chain_tail_mse=0.000240 val_chain_samples=512.000000 val_chain_unique_slices=512.000000 val_main_batches_evaluated=64.000000 val_hop0_batches_evaluated=64.000000 val_main_window_start_batch=1664.000000 val_hop0_window_start_batch=1664.000000 val_select_score=0.000705 val_d1_guard_metric=0.000221 val_d1_guard_limit=0.000169 val_d1_guard_ok=0.000000 val_d1_select_score=0.003311
[val] step=11200 val_pair_total=0.000016 val_pair_velocity=0.000008 val_pair_endpoint=0.000008 val_rollout_total=0.000660 val_hop0_img_total=0.006976 val_hop0_img_l1=0.002868 val_hop0_img_ssim=0.014371 val_hop0_img_seam=0.002575 val_foc_total=0.000000 val_foc_gap=0.000000 val_chain_d20_mse=0.000248 val_chain_d10_mse=0.000227 val_chain_d4_mse=0.000204 val_chain_normal_mse=0.000193 val_chain_d20_raw_mse=0.000250 val_chain_d10_raw_mse=0.000230 val_chain_d4_raw_mse=0.000207 val_chain_normal_raw_mse=0.000197 val_rollout_step_0=0.000654 val_rollout_step_1=0.000673 val_rollout_step_2=0.000640 val_rollout_step_3=0.000671 val_chain_tail_mse=0.000208 val_chain_samples=512.000000 val_chain_unique_slices=512.000000 val_main_batches_evaluated=64.000000 val_hop0_batches_evaluated=64.000000 val_main_window_start_batch=1728.000000 val_hop0_window_start_batch=1728.000000 val_select_score=0.000612 val_d1_guard_metric=0.000193 val_d1_guard_limit=0.000169 val_d1_guard_ok=0.000000 val_d1_select_score=0.002575
[val] step=11600 val_pair_total=0.000015 val_pair_velocity=0.000007 val_pair_endpoint=0.000007 val_rollout_total=0.000667 val_hop0_img_total=0.007649 val_hop0_img_l1=0.003132 val_hop0_img_ssim=0.015814 val_hop0_img_seam=0.002816 val_foc_total=0.000000 val_foc_gap=0.000000 val_chain_d20_mse=0.000210 val_chain_d10_mse=0.000196 val_chain_d4_mse=0.000177 val_chain_normal_mse=0.000167 val_chain_d20_raw_mse=0.000212 val_chain_d10_raw_mse=0.000199 val_chain_d4_raw_mse=0.000180 val_chain_normal_raw_mse=0.000171 val_rollout_step_0=0.000610 val_rollout_step_1=0.000655 val_rollout_step_2=0.000679 val_rollout_step_3=0.000710 val_chain_tail_mse=0.000180 val_chain_samples=512.000000 val_chain_unique_slices=512.000000 val_main_batches_evaluated=64.000000 val_hop0_batches_evaluated=64.000000 val_main_window_start_batch=1792.000000 val_hop0_window_start_batch=1792.000000 val_select_score=0.000530 val_d1_guard_metric=0.000167 val_d1_guard_limit=0.000169 val_d1_guard_ok=1.000000 val_d1_select_score=0.002816
[val] new best val_multi_objective(0.15*val_chain_d20_mse + 0.45*val_chain_d10_mse + 0.9*val_chain_d4_mse + 1.5*val_chain_normal_mse)=0.000530 at step=11600
[val] step=12000 val_pair_total=0.000002 val_pair_velocity=0.000001 val_pair_endpoint=0.000001 val_rollout_total=0.001003 val_hop0_img_total=0.007617 val_hop0_img_l1=0.003149 val_hop0_img_ssim=0.015624 val_hop0_img_seam=0.002810 val_foc_total=0.000000 val_foc_gap=0.000000 val_chain_d20_mse=0.000233 val_chain_d10_mse=0.000206 val_chain_d4_mse=0.000177 val_chain_normal_mse=0.000159 val_chain_d20_raw_mse=0.000235 val_chain_d10_raw_mse=0.000208 val_chain_d4_raw_mse=0.000179 val_chain_normal_raw_mse=0.000163 val_rollout_step_0=0.000903 val_rollout_step_1=0.000962 val_rollout_step_2=0.000985 val_rollout_step_3=0.001131 val_chain_tail_mse=0.000181 val_chain_samples=512.000000 val_chain_unique_slices=512.000000 val_main_batches_evaluated=64.000000 val_hop0_batches_evaluated=64.000000 val_main_window_start_batch=1856.000000 val_hop0_window_start_batch=1856.000000 val_select_score=0.000526 val_d1_guard_metric=0.000159 val_d1_guard_limit=0.000169 val_d1_guard_ok=1.000000 val_d1_select_score=0.002810
[val] new best val_multi_objective(0.15*val_chain_d20_mse + 0.45*val_chain_d10_mse + 0.9*val_chain_d4_mse + 1.5*val_chain_normal_mse)=0.000526 at step=12000
[val] step=12400 val_pair_total=0.000002 val_pair_velocity=0.000001 val_pair_endpoint=0.000001 val_rollout_total=0.000922 val_hop0_img_total=0.008084 val_hop0_img_l1=0.003377 val_hop0_img_ssim=0.016377 val_hop0_img_seam=0.003065 val_foc_total=0.000000 val_foc_gap=0.000000 val_chain_d20_mse=0.000410 val_chain_d10_mse=0.000355 val_chain_d4_mse=0.000308 val_chain_normal_mse=0.000279 val_chain_d20_raw_mse=0.000412 val_chain_d10_raw_mse=0.000358 val_chain_d4_raw_mse=0.000311 val_chain_normal_raw_mse=0.000284 val_rollout_step_0=0.000966 val_rollout_step_1=0.000942 val_rollout_step_2=0.000892 val_rollout_step_3=0.000900 val_chain_tail_mse=0.000314 val_chain_samples=512.000000 val_chain_unique_slices=512.000000 val_main_batches_evaluated=64.000000 val_hop0_batches_evaluated=64.000000 val_main_window_start_batch=1920.000000 val_hop0_window_start_batch=1920.000000 val_select_score=0.000917 val_d1_guard_metric=0.000279 val_d1_guard_limit=0.000164 val_d1_guard_ok=0.000000 val_d1_select_score=0.003065
[val] step=12800 val_pair_total=0.000002 val_pair_velocity=0.000001 val_pair_endpoint=0.000001 val_rollout_total=0.000912 val_hop0_img_total=0.007413 val_hop0_img_l1=0.003015 val_hop0_img_ssim=0.015431 val_hop0_img_seam=0.002701 val_foc_total=0.000000 val_foc_gap=0.000000 val_chain_d20_mse=0.000397 val_chain_d10_mse=0.000352 val_chain_d4_mse=0.000312 val_chain_normal_mse=0.000288 val_chain_d20_raw_mse=0.000400 val_chain_d10_raw_mse=0.000356 val_chain_d4_raw_mse=0.000316 val_chain_normal_raw_mse=0.000293 val_rollout_step_0=0.000886 val_rollout_step_1=0.000922 val_rollout_step_2=0.000918 val_rollout_step_3=0.000918 val_chain_tail_mse=0.000318 val_chain_samples=512.000000 val_chain_unique_slices=512.000000 val_main_batches_evaluated=64.000000 val_hop0_batches_evaluated=64.000000 val_main_window_start_batch=1984.000000 val_hop0_window_start_batch=1984.000000 val_select_score=0.000931 val_d1_guard_metric=0.000288 val_d1_guard_limit=0.000164 val_d1_guard_ok=0.000000 val_d1_select_score=0.002701
[val] step=13200 val_pair_total=0.000002 val_pair_velocity=0.000001 val_pair_endpoint=0.000001 val_rollout_total=0.000910 val_hop0_img_total=0.005699 val_hop0_img_l1=0.002324 val_hop0_img_ssim=0.011813 val_hop0_img_seam=0.002105 val_foc_total=0.000000 val_foc_gap=0.000000 val_chain_d20_mse=0.000286 val_chain_d10_mse=0.000264 val_chain_d4_mse=0.000232 val_chain_normal_mse=0.000217 val_chain_d20_raw_mse=0.000288 val_chain_d10_raw_mse=0.000266 val_chain_d4_raw_mse=0.000234 val_chain_normal_raw_mse=0.000220 val_rollout_step_0=0.000859 val_rollout_step_1=0.000921 val_rollout_step_2=0.000909 val_rollout_step_3=0.000939 val_chain_tail_mse=0.000238 val_chain_samples=512.000000 val_chain_unique_slices=512.000000 val_main_batches_evaluated=64.000000 val_hop0_batches_evaluated=64.000000 val_main_window_start_batch=2048.000000 val_hop0_window_start_batch=2048.000000 val_select_score=0.000696 val_d1_guard_metric=0.000217 val_d1_guard_limit=0.000164 val_d1_guard_ok=0.000000 val_d1_select_score=0.002105
[val] step=13600 val_pair_total=0.000002 val_pair_velocity=0.000001 val_pair_endpoint=0.000001 val_rollout_total=0.000841 val_hop0_img_total=0.006188 val_hop0_img_l1=0.002520 val_hop0_img_ssim=0.012851 val_hop0_img_seam=0.002276 val_foc_total=0.000000 val_foc_gap=0.000000 val_chain_d20_mse=0.000238 val_chain_d10_mse=0.000226 val_chain_d4_mse=0.000205 val_chain_normal_mse=0.000196 val_chain_d20_raw_mse=0.000240 val_chain_d10_raw_mse=0.000228 val_chain_d4_raw_mse=0.000207 val_chain_normal_raw_mse=0.000199 val_rollout_step_0=0.000686 val_rollout_step_1=0.000727 val_rollout_step_2=0.000823 val_rollout_step_3=0.001074 val_chain_tail_mse=0.000209 val_chain_samples=512.000000 val_chain_unique_slices=512.000000 val_main_batches_evaluated=64.000000 val_hop0_batches_evaluated=64.000000 val_main_window_start_batch=2112.000000 val_hop0_window_start_batch=2112.000000 val_select_score=0.000616 val_d1_guard_metric=0.000196 val_d1_guard_limit=0.000164 val_d1_guard_ok=0.000000 val_d1_select_score=0.002276
[val] step=14000 val_pair_total=0.000003 val_pair_velocity=0.000002 val_pair_endpoint=0.000002 val_rollout_total=0.001413 val_hop0_img_total=0.006527 val_hop0_img_l1=0.002681 val_hop0_img_ssim=0.013440 val_hop0_img_seam=0.002428 val_foc_total=0.000000 val_foc_gap=0.000000 val_chain_d20_mse=0.000617 val_chain_d10_mse=0.000521 val_chain_d4_mse=0.000437 val_chain_normal_mse=0.000390 val_chain_d20_raw_mse=0.000621 val_chain_d10_raw_mse=0.000526 val_chain_d4_raw_mse=0.000443 val_chain_normal_raw_mse=0.000397 val_rollout_step_0=0.001414 val_rollout_step_1=0.001386 val_rollout_step_2=0.001411 val_rollout_step_3=0.001436 val_chain_tail_mse=0.000449 val_chain_samples=512.000000 val_chain_unique_slices=512.000000 val_main_batches_evaluated=64.000000 val_hop0_batches_evaluated=64.000000 val_main_window_start_batch=2176.000000 val_hop0_window_start_batch=2176.000000 val_select_score=0.001306 val_d1_guard_metric=0.000390 val_d1_guard_limit=0.000164 val_d1_guard_ok=0.000000 val_d1_select_score=0.002428
[val] step=14400 val_pair_total=0.000002 val_pair_velocity=0.000001 val_pair_endpoint=0.000001 val_rollout_total=0.001121 val_hop0_img_total=0.006377 val_hop0_img_l1=0.002583 val_hop0_img_ssim=0.013317 val_hop0_img_seam=0.002326 val_foc_total=0.000000 val_foc_gap=0.000000 val_chain_d20_mse=0.000521 val_chain_d10_mse=0.000447 val_chain_d4_mse=0.000384 val_chain_normal_mse=0.000352 val_chain_d20_raw_mse=0.000524 val_chain_d10_raw_mse=0.000452 val_chain_d4_raw_mse=0.000390 val_chain_normal_raw_mse=0.000359 val_rollout_step_0=0.001148 val_rollout_step_1=0.001115 val_rollout_step_2=0.001110 val_rollout_step_3=0.001116 val_chain_tail_mse=0.000394 val_chain_samples=512.000000 val_chain_unique_slices=512.000000 val_main_batches_evaluated=64.000000 val_hop0_batches_evaluated=64.000000 val_main_window_start_batch=2240.000000 val_hop0_window_start_batch=2240.000000 val_select_score=0.001153 val_d1_guard_metric=0.000352 val_d1_guard_limit=0.000164 val_d1_guard_ok=0.000000 val_d1_select_score=0.002326
[val] step=14800 val_pair_total=0.000001 val_pair_velocity=0.000001 val_pair_endpoint=0.000001 val_rollout_total=0.000789 val_hop0_img_total=0.006871 val_hop0_img_l1=0.002781 val_hop0_img_ssim=0.014334 val_hop0_img_seam=0.002530 val_foc_total=0.000000 val_foc_gap=0.000000 val_chain_d20_mse=0.000347 val_chain_d10_mse=0.000321 val_chain_d4_mse=0.000295 val_chain_normal_mse=0.000284 val_chain_d20_raw_mse=0.000352 val_chain_d10_raw_mse=0.000328 val_chain_d4_raw_mse=0.000302 val_chain_normal_raw_mse=0.000293 val_rollout_step_0=0.000769 val_rollout_step_1=0.000766 val_rollout_step_2=0.000780 val_rollout_step_3=0.000833 val_chain_tail_mse=0.000300 val_chain_samples=512.000000 val_chain_unique_slices=512.000000 val_main_batches_evaluated=64.000000 val_hop0_batches_evaluated=64.000000 val_main_window_start_batch=2304.000000 val_hop0_window_start_batch=2304.000000 val_select_score=0.000889 val_d1_guard_metric=0.000284 val_d1_guard_limit=0.000164 val_d1_guard_ok=0.000000 val_d1_select_score=0.002530
[val] step=15200 val_pair_total=0.000001 val_pair_velocity=0.000001 val_pair_endpoint=0.000001 val_rollout_total=0.000636 val_hop0_img_total=0.005498 val_hop0_img_l1=0.002177 val_hop0_img_ssim=0.011661 val_hop0_img_seam=0.002027 val_foc_total=0.000000 val_foc_gap=0.000000 val_chain_d20_mse=0.000273 val_chain_d10_mse=0.000253 val_chain_d4_mse=0.000229 val_chain_normal_mse=0.000216 val_chain_d20_raw_mse=0.000275 val_chain_d10_raw_mse=0.000255 val_chain_d4_raw_mse=0.000232 val_chain_normal_raw_mse=0.000220 val_rollout_step_0=0.000604 val_rollout_step_1=0.000610 val_rollout_step_2=0.000619 val_rollout_step_3=0.000698 val_chain_tail_mse=0.000233 val_chain_samples=512.000000 val_chain_unique_slices=512.000000 val_main_batches_evaluated=64.000000 val_hop0_batches_evaluated=64.000000 val_main_window_start_batch=2368.000000 val_hop0_window_start_batch=2368.000000 val_select_score=0.000684 val_d1_guard_metric=0.000216 val_d1_guard_limit=0.000164 val_d1_guard_ok=0.000000 val_d1_select_score=0.002027
[val] step=15600 val_pair_total=0.000001 val_pair_velocity=0.000001 val_pair_endpoint=0.000001 val_rollout_total=0.000573 val_hop0_img_total=0.005181 val_hop0_img_l1=0.002074 val_hop0_img_ssim=0.010880 val_hop0_img_seam=0.001936 val_foc_total=0.000000 val_foc_gap=0.000000 val_chain_d20_mse=0.000228 val_chain_d10_mse=0.000208 val_chain_d4_mse=0.000185 val_chain_normal_mse=0.000174 val_chain_d20_raw_mse=0.000230 val_chain_d10_raw_mse=0.000210 val_chain_d4_raw_mse=0.000188 val_chain_normal_raw_mse=0.000178 val_rollout_step_0=0.000547 val_rollout_step_1=0.000566 val_rollout_step_2=0.000576 val_rollout_step_3=0.000598 val_chain_tail_mse=0.000189 val_chain_samples=512.000000 val_chain_unique_slices=512.000000 val_main_batches_evaluated=64.000000 val_hop0_batches_evaluated=64.000000 val_main_window_start_batch=2432.000000 val_hop0_window_start_batch=2432.000000 val_select_score=0.000555 val_d1_guard_metric=0.000174 val_d1_guard_limit=0.000164 val_d1_guard_ok=0.000000 val_d1_select_score=0.001936
[val] step=16000 val_pair_total=0.000001 val_pair_velocity=0.000001 val_pair_endpoint=0.000001 val_rollout_total=0.000627 val_hop0_img_total=0.005203 val_hop0_img_l1=0.002059 val_hop0_img_ssim=0.011041 val_hop0_img_seam=0.001921 val_foc_total=0.000000 val_foc_gap=0.000000 val_chain_d20_mse=0.000256 val_chain_d10_mse=0.000232 val_chain_d4_mse=0.000205 val_chain_normal_mse=0.000194 val_chain_d20_raw_mse=0.000259 val_chain_d10_raw_mse=0.000235 val_chain_d4_raw_mse=0.000208 val_chain_normal_raw_mse=0.000198 val_rollout_step_0=0.000649 val_rollout_step_1=0.000627 val_rollout_step_2=0.000614 val_rollout_step_3=0.000623 val_chain_tail_mse=0.000210 val_chain_samples=512.000000 val_chain_unique_slices=512.000000 val_main_batches_evaluated=64.000000 val_hop0_batches_evaluated=64.000000 val_main_window_start_batch=2496.000000 val_hop0_window_start_batch=2496.000000 val_select_score=0.000618 val_d1_guard_metric=0.000194 val_d1_guard_limit=0.000164 val_d1_guard_ok=0.000000 val_d1_select_score=0.001921
[val] step=16400 val_pair_total=0.000001 val_pair_velocity=0.000001 val_pair_endpoint=0.000001 val_rollout_total=0.000678 val_hop0_img_total=0.005360 val_hop0_img_l1=0.002118 val_hop0_img_ssim=0.011403 val_hop0_img_seam=0.001958 val_foc_total=0.000000 val_foc_gap=0.000000 val_chain_d20_mse=0.000307 val_chain_d10_mse=0.000279 val_chain_d4_mse=0.000249 val_chain_normal_mse=0.000235 val_chain_d20_raw_mse=0.000309 val_chain_d10_raw_mse=0.000282 val_chain_d4_raw_mse=0.000252 val_chain_normal_raw_mse=0.000241 val_rollout_step_0=0.000677 val_rollout_step_1=0.000675 val_rollout_step_2=0.000665 val_rollout_step_3=0.000692 val_chain_tail_mse=0.000254 val_chain_samples=512.000000 val_chain_unique_slices=512.000000 val_main_batches_evaluated=64.000000 val_hop0_batches_evaluated=64.000000 val_main_window_start_batch=2560.000000 val_hop0_window_start_batch=2560.000000 val_select_score=0.000748 val_d1_guard_metric=0.000235 val_d1_guard_limit=0.000164 val_d1_guard_ok=0.000000 val_d1_select_score=0.001958
[val] step=16800 val_pair_total=0.000001 val_pair_velocity=0.000001 val_pair_endpoint=0.000001 val_rollout_total=0.000654 val_hop0_img_total=0.005762 val_hop0_img_l1=0.002268 val_hop0_img_ssim=0.012291 val_hop0_img_seam=0.002108 val_foc_total=0.000000 val_foc_gap=0.000000 val_chain_d20_mse=0.000274 val_chain_d10_mse=0.000245 val_chain_d4_mse=0.000215 val_chain_normal_mse=0.000201 val_chain_d20_raw_mse=0.000275 val_chain_d10_raw_mse=0.000247 val_chain_d4_raw_mse=0.000218 val_chain_normal_raw_mse=0.000204 val_rollout_step_0=0.000636 val_rollout_step_1=0.000655 val_rollout_step_2=0.000642 val_rollout_step_3=0.000678 val_chain_tail_mse=0.000220 val_chain_samples=512.000000 val_chain_unique_slices=512.000000 val_main_batches_evaluated=64.000000 val_hop0_batches_evaluated=64.000000 val_main_window_start_batch=2624.000000 val_hop0_window_start_batch=2624.000000 val_select_score=0.000646 val_d1_guard_metric=0.000201 val_d1_guard_limit=0.000164 val_d1_guard_ok=0.000000 val_d1_select_score=0.002108
[val] step=17200 val_pair_total=0.000001 val_pair_velocity=0.000001 val_pair_endpoint=0.000001 val_rollout_total=0.000627 val_hop0_img_total=0.006811 val_hop0_img_l1=0.002718 val_hop0_img_ssim=0.014391 val_hop0_img_seam=0.002475 val_foc_total=0.000000 val_foc_gap=0.000000 val_chain_d20_mse=0.000202 val_chain_d10_mse=0.000189 val_chain_d4_mse=0.000173 val_chain_normal_mse=0.000162 val_chain_d20_raw_mse=0.000204 val_chain_d10_raw_mse=0.000192 val_chain_d4_raw_mse=0.000175 val_chain_normal_raw_mse=0.000167 val_rollout_step_0=0.000598 val_rollout_step_1=0.000633 val_rollout_step_2=0.000623 val_rollout_step_3=0.000647 val_chain_tail_mse=0.000175 val_chain_samples=512.000000 val_chain_unique_slices=512.000000 val_main_batches_evaluated=64.000000 val_hop0_batches_evaluated=64.000000 val_main_window_start_batch=2688.000000 val_hop0_window_start_batch=2688.000000 val_select_score=0.000514 val_d1_guard_metric=0.000162 val_d1_guard_limit=0.000164 val_d1_guard_ok=1.000000 val_d1_select_score=0.002475
[val] new best val_multi_objective(0.15*val_chain_d20_mse + 0.45*val_chain_d10_mse + 0.9*val_chain_d4_mse + 1.5*val_chain_normal_mse)=0.000514 at step=17200
[val] step=17600 val_pair_total=0.000001 val_pair_velocity=0.000000 val_pair_endpoint=0.000000 val_rollout_total=0.000895 val_hop0_img_total=0.006924 val_hop0_img_l1=0.002788 val_hop0_img_ssim=0.014511 val_hop0_img_seam=0.002542 val_foc_total=0.000000 val_foc_gap=0.000000 val_chain_d20_mse=0.000228 val_chain_d10_mse=0.000206 val_chain_d4_mse=0.000180 val_chain_normal_mse=0.000166 val_chain_d20_raw_mse=0.000230 val_chain_d10_raw_mse=0.000208 val_chain_d4_raw_mse=0.000182 val_chain_normal_raw_mse=0.000170 val_rollout_step_0=0.000836 val_rollout_step_1=0.000865 val_rollout_step_2=0.000887 val_rollout_step_3=0.000972 val_chain_tail_mse=0.000184 val_chain_samples=512.000000 val_chain_unique_slices=512.000000 val_main_batches_evaluated=64.000000 val_hop0_batches_evaluated=64.000000 val_main_window_start_batch=2752.000000 val_hop0_window_start_batch=2752.000000 val_select_score=0.000538 val_d1_guard_metric=0.000166 val_d1_guard_limit=0.000164 val_d1_guard_ok=0.000000 val_d1_select_score=0.002542
[val] step=18000 val_pair_total=0.000000 val_pair_velocity=0.000000 val_pair_endpoint=0.000000 val_rollout_total=0.000968 val_hop0_img_total=0.006233 val_hop0_img_l1=0.002500 val_hop0_img_ssim=0.013111 val_hop0_img_seam=0.002279 val_foc_total=0.000000 val_foc_gap=0.000000 val_chain_d20_mse=0.000310 val_chain_d10_mse=0.000272 val_chain_d4_mse=0.000236 val_chain_normal_mse=0.000214 val_chain_d20_raw_mse=0.000312 val_chain_d10_raw_mse=0.000274 val_chain_d4_raw_mse=0.000239 val_chain_normal_raw_mse=0.000218 val_rollout_step_0=0.000894 val_rollout_step_1=0.000952 val_rollout_step_2=0.000952 val_rollout_step_3=0.001054 val_chain_tail_mse=0.000240 val_chain_samples=512.000000 val_chain_unique_slices=512.000000 val_main_batches_evaluated=64.000000 val_hop0_batches_evaluated=64.000000 val_main_window_start_batch=2816.000000 val_hop0_window_start_batch=2816.000000 val_select_score=0.000702 val_d1_guard_metric=0.000214 val_d1_guard_limit=0.000164 val_d1_guard_ok=0.000000 val_d1_select_score=0.002279
[val] step=18400 val_pair_total=0.000000 val_pair_velocity=0.000000 val_pair_endpoint=0.000000 val_rollout_total=0.000857 val_hop0_img_total=0.007000 val_hop0_img_l1=0.002809 val_hop0_img_ssim=0.014704 val_hop0_img_seam=0.002578 val_foc_total=0.000000 val_foc_gap=0.000000 val_chain_d20_mse=0.000480 val_chain_d10_mse=0.000418 val_chain_d4_mse=0.000366 val_chain_normal_mse=0.000333 val_chain_d20_raw_mse=0.000484 val_chain_d10_raw_mse=0.000422 val_chain_d4_raw_mse=0.000371 val_chain_normal_raw_mse=0.000339 val_rollout_step_0=0.000913 val_rollout_step_1=0.000878 val_rollout_step_2=0.000838 val_rollout_step_3=0.000814 val_chain_tail_mse=0.000372 val_chain_samples=512.000000 val_chain_unique_slices=512.000000 val_main_batches_evaluated=64.000000 val_hop0_batches_evaluated=64.000000 val_main_window_start_batch=2880.000000 val_hop0_window_start_batch=2880.000000 val_select_score=0.001089 val_d1_guard_metric=0.000333 val_d1_guard_limit=0.000164 val_d1_guard_ok=0.000000 val_d1_select_score=0.002578
[val] step=18800 val_pair_total=0.000000 val_pair_velocity=0.000000 val_pair_endpoint=0.000000 val_rollout_total=0.000962 val_hop0_img_total=0.007302 val_hop0_img_l1=0.002958 val_hop0_img_ssim=0.015221 val_hop0_img_seam=0.002692 val_foc_total=0.000000 val_foc_gap=0.000000 val_chain_d20_mse=0.000273 val_chain_d10_mse=0.000249 val_chain_d4_mse=0.000220 val_chain_normal_mse=0.000206 val_chain_d20_raw_mse=0.000275 val_chain_d10_raw_mse=0.000250 val_chain_d4_raw_mse=0.000221 val_chain_normal_raw_mse=0.000209 val_rollout_step_0=0.000913 val_rollout_step_1=0.000980 val_rollout_step_2=0.000966 val_rollout_step_3=0.000981 val_chain_tail_mse=0.000225 val_chain_samples=512.000000 val_chain_unique_slices=512.000000 val_main_batches_evaluated=64.000000 val_hop0_batches_evaluated=64.000000 val_main_window_start_batch=2944.000000 val_hop0_window_start_batch=2944.000000 val_select_score=0.000659 val_d1_guard_metric=0.000206 val_d1_guard_limit=0.000164 val_d1_guard_ok=0.000000 val_d1_select_score=0.002692
[val] step=19200 val_pair_total=0.000000 val_pair_velocity=0.000000 val_pair_endpoint=0.000000 val_rollout_total=0.000837 val_hop0_img_total=0.006712 val_hop0_img_l1=0.002686 val_hop0_img_ssim=0.014159 val_hop0_img_seam=0.002434 val_foc_total=0.000000 val_foc_gap=0.000000 val_chain_d20_mse=0.000256 val_chain_d10_mse=0.000242 val_chain_d4_mse=0.000217 val_chain_normal_mse=0.000205 val_chain_d20_raw_mse=0.000258 val_chain_d10_raw_mse=0.000243 val_chain_d4_raw_mse=0.000218 val_chain_normal_raw_mse=0.000208 val_rollout_step_0=0.000722 val_rollout_step_1=0.000772 val_rollout_step_2=0.000829 val_rollout_step_3=0.000988 val_chain_tail_mse=0.000221 val_chain_samples=512.000000 val_chain_unique_slices=512.000000 val_main_batches_evaluated=64.000000 val_hop0_batches_evaluated=64.000000 val_main_window_start_batch=3008.000000 val_hop0_window_start_batch=3008.000000 val_select_score=0.000650 val_d1_guard_metric=0.000205 val_d1_guard_limit=0.000164 val_d1_guard_ok=0.000000 val_d1_select_score=0.002434
[val] step=19600 val_pair_total=0.000000 val_pair_velocity=0.000000 val_pair_endpoint=0.000000 val_rollout_total=0.001134 val_hop0_img_total=0.006299 val_hop0_img_l1=0.002510 val_hop0_img_ssim=0.013339 val_hop0_img_seam=0.002272 val_foc_total=0.000000 val_foc_gap=0.000000 val_chain_d20_mse=0.000429 val_chain_d10_mse=0.000380 val_chain_d4_mse=0.000328 val_chain_normal_mse=0.000302 val_chain_d20_raw_mse=0.000431 val_chain_d10_raw_mse=0.000383 val_chain_d4_raw_mse=0.000332 val_chain_normal_raw_mse=0.000307 val_rollout_step_0=0.001037 val_rollout_step_1=0.001046 val_rollout_step_2=0.001134 val_rollout_step_3=0.001284 val_chain_tail_mse=0.000337 val_chain_samples=512.000000 val_chain_unique_slices=512.000000 val_main_batches_evaluated=64.000000 val_hop0_batches_evaluated=64.000000 val_main_window_start_batch=3072.000000 val_hop0_window_start_batch=3072.000000 val_select_score=0.000983 val_d1_guard_metric=0.000302 val_d1_guard_limit=0.000164 val_d1_guard_ok=0.000000 val_d1_select_score=0.002272
[val] step=20000 val_pair_total=0.000000 val_pair_velocity=0.000000 val_pair_endpoint=0.000000 val_rollout_total=0.001418 val_hop0_img_total=0.006411 val_hop0_img_l1=0.002537 val_hop0_img_ssim=0.013667 val_hop0_img_seam=0.002287 val_foc_total=0.000000 val_foc_gap=0.000000 val_chain_d20_mse=0.000674 val_chain_d10_mse=0.000559 val_chain_d4_mse=0.000466 val_chain_normal_mse=0.000412 val_chain_d20_raw_mse=0.000677 val_chain_d10_raw_mse=0.000563 val_chain_d4_raw_mse=0.000471 val_chain_normal_raw_mse=0.000420 val_rollout_step_0=0.001481 val_rollout_step_1=0.001423 val_rollout_step_2=0.001398 val_rollout_step_3=0.001384 val_chain_tail_mse=0.000479 val_chain_samples=512.000000 val_chain_unique_slices=512.000000 val_main_batches_evaluated=64.000000 val_hop0_batches_evaluated=64.000000 val_main_window_start_batch=3136.000000 val_hop0_window_start_batch=3136.000000 val_select_score=0.001390 val_d1_guard_metric=0.000412 val_d1_guard_limit=0.000164 val_d1_guard_ok=0.000000 val_d1_select_score=0.002287
Training done. Outputs at: /data_2/qujiaxiang/outputs/PET_LatentResidual/first_hop_224_20k_seam_refiner_standalone
