[startup] loading config: review/0521/A4_image_aux_lambda_08/A4_image_aux_lambda_08_smoke.yaml
[startup] run dir: /data_2/qujiaxiang/outputs/PET_LatentResidual/review_0521_smoke/A4_image_aux_lambda_08/first_hop_224_a4_image_aux_lambda_08_smoke
[startup] building datasets/dataloaders...
[io] loading latents(train): /data_2/qujiaxiang/lowdose_pet_ct/latents_224/latents_train.pt (115.3GB)
[io] still loading latents(train) (20.0s): /data_2/qujiaxiang/lowdose_pet_ct/latents_224/latents_train.pt
[io] still loading latents(train) (40.0s): /data_2/qujiaxiang/lowdose_pet_ct/latents_224/latents_train.pt
[io] still loading latents(train) (60.0s): /data_2/qujiaxiang/lowdose_pet_ct/latents_224/latents_train.pt
[io] still loading latents(train) (80.0s): /data_2/qujiaxiang/lowdose_pet_ct/latents_224/latents_train.pt
[io] still loading latents(train) (100.0s): /data_2/qujiaxiang/lowdose_pet_ct/latents_224/latents_train.pt
[io] still loading latents(train) (120.0s): /data_2/qujiaxiang/lowdose_pet_ct/latents_224/latents_train.pt
[io] still loading latents(train) (140.0s): /data_2/qujiaxiang/lowdose_pet_ct/latents_224/latents_train.pt
[io] still loading latents(train) (160.0s): /data_2/qujiaxiang/lowdose_pet_ct/latents_224/latents_train.pt
[io] still loading latents(train) (180.0s): /data_2/qujiaxiang/lowdose_pet_ct/latents_224/latents_train.pt
[io] still loading latents(train) (200.0s): /data_2/qujiaxiang/lowdose_pet_ct/latents_224/latents_train.pt
[io] loaded latents(train) in 216.1s: /data_2/qujiaxiang/lowdose_pet_ct/latents_224/latents_train.pt
[io] image timepoints(train)=['D50', 'D20']
[io] loading raw(train,D50): /data_2/qujiaxiang/preprocessed_data_D50.pt (9.2GB)
[io] loaded raw(train,D50) in 5.9s: /data_2/qujiaxiang/preprocessed_data_D50.pt
[io] loading raw(train,D20): /data_2/qujiaxiang/preprocessed_data_D20.pt (9.2GB)
[io] loaded raw(train,D20) in 5.5s: /data_2/qujiaxiang/preprocessed_data_D20.pt
[startup] train dataset ready: 104988 pair-samples
[io] loading latents(val): /data_2/qujiaxiang/lowdose_pet_ct/latents_224/latents_val.pt (32.5GB)
[io] loaded latents(val) in 17.8s: /data_2/qujiaxiang/lowdose_pet_ct/latents_224/latents_val.pt
[io] image timepoints(val)=['D50', 'D20', 'D10', 'D4', 'NORMAL']
[io] loading raw(val,D50): /data_2/qujiaxiang/preprocessed_data_D50.pt (9.2GB)
[io] loaded raw(val,D50) in 5.8s: /data_2/qujiaxiang/preprocessed_data_D50.pt
[io] loading raw(val,D20): /data_2/qujiaxiang/preprocessed_data_D20.pt (9.2GB)
[io] loaded raw(val,D20) in 5.2s: /data_2/qujiaxiang/preprocessed_data_D20.pt
[io] loading raw(val,D10): /data_2/qujiaxiang/preprocessed_data_D10.pt (9.2GB)
[io] loaded raw(val,D10) in 5.5s: /data_2/qujiaxiang/preprocessed_data_D10.pt
[io] loading raw(val,D4): /data_2/qujiaxiang/preprocessed_data_D4.pt (9.2GB)
[io] loaded raw(val,D4) in 5.2s: /data_2/qujiaxiang/preprocessed_data_D4.pt
[io] loading raw(val,NORMAL_from_D50_x0): /data_2/qujiaxiang/preprocessed_data_D50.pt (9.2GB)
[io] loaded raw(val,NORMAL_from_D50_x0) in 5.5s: /data_2/qujiaxiang/preprocessed_data_D50.pt
[startup] val dataset ready: 29612 pair-samples
[alignment][train] D50:matched=42.49dB,gap_roll1=21.56dB,n=256 | D20:matched=46.48dB,gap_roll1=24.74dB,n=256 | NORMAL:matched=52.65dB,gap_roll1=30.10dB,n=256
[alignment][val] D50:matched=42.31dB,gap_roll1=21.88dB,n=256 | D20:matched=46.33dB,gap_roll1=25.10dB,n=256 | NORMAL:matched=52.35dB,gap_roll1=30.44dB,n=256
[transport] pair_sample_probs(normalized)= [0.25, 0.25, 0.25, 0.25]
[startup] dataloaders ready: main_bs=8, hop0_aux_bs=2, workers=0
[rollout] path= ['D50', 'D20', 'D10', 'D4', 'NORMAL']
encoder_config_path: /home/qujiaxiang/project/RAE/dinov2
Loaded RAE checkpoint from /data_2/qujiaxiang/outputs/pet_lora_dinov2_pt_224/best_model.pt
[startup] model initialized
[startup] EMA enabled: decay=0.9999 warmup=0 update_every=1
[config] loss.pair_weight = 15.0000
[optimizer] AdamW base_lr=8.000e-05, wd_global=1.000e-02, wd_backbone=1.000e-02, wd_firsthop=0.000e+00, betas=(0.9, 0.95), backbone_lr_mult=0.40, first_hop_lr_mult=3.50
[optimizer] params: backbone=207,667,412, first_hop=1,252,421
[lr_schedule] warmup+cosine enabled: warmup_steps=30000, min_lr=2.000e-06, total_steps_override=200000
[schedule] rollout warmup=50000 ramp=100000; image warmup=0 ramp=0
/home/qujiaxiang/.conda/envs/rae/lib/python3.10/site-packages/torch/nn/modules/linear.py:116: UserWarning: Deterministic behavior was enabled with either `torch.use_deterministic_algorithms(True)` or `at::Context::setDeterministicAlgorithms(true)`, but this operation is not deterministic because it uses CuBLAS and you have CUDA >= 10.2. To enable deterministic behavior in this case, you must set an environment variable before running your PyTorch application: CUBLAS_WORKSPACE_CONFIG=:4096:8 or CUBLAS_WORKSPACE_CONFIG=:16:8. For more information, go to https://docs.nvidia.com/cuda/cublas/index.html#cublasApi_reproducibility (Triggered internally at ../aten/src/ATen/Context.cpp:164.)
  return F.linear(input, self.weight, self.bias)
/home/qujiaxiang/project/RAE/code/RAE/src/stage1/decoders/decoder.py:368: UserWarning: Deterministic behavior was enabled with either `torch.use_deterministic_algorithms(True)` or `at::Context::setDeterministicAlgorithms(true)`, but this operation is not deterministic because it uses CuBLAS and you have CUDA >= 10.2. To enable deterministic behavior in this case, you must set an environment variable before running your PyTorch application: CUBLAS_WORKSPACE_CONFIG=:4096:8 or CUBLAS_WORKSPACE_CONFIG=:16:8. For more information, go to https://docs.nvidia.com/cuda/cublas/index.html#cublasApi_reproducibility (Triggered internally at ../aten/src/ATen/Context.cpp:164.)
  attention_scores = torch.matmul(query_layer, key_layer.transpose(-1, -2))
/home/qujiaxiang/project/RAE/code/RAE/src/stage1/decoders/decoder.py:383: UserWarning: Deterministic behavior was enabled with either `torch.use_deterministic_algorithms(True)` or `at::Context::setDeterministicAlgorithms(true)`, but this operation is not deterministic because it uses CuBLAS and you have CUDA >= 10.2. To enable deterministic behavior in this case, you must set an environment variable before running your PyTorch application: CUBLAS_WORKSPACE_CONFIG=:4096:8 or CUBLAS_WORKSPACE_CONFIG=:16:8. For more information, go to https://docs.nvidia.com/cuda/cublas/index.html#cublasApi_reproducibility (Triggered internally at ../aten/src/ATen/Context.cpp:164.)
  context_layer = torch.matmul(attention_probs, value_layer)
/home/qujiaxiang/.conda/envs/rae/lib/python3.10/site-packages/torch/autograd/__init__.py:266: UserWarning: Deterministic behavior was enabled with either `torch.use_deterministic_algorithms(True)` or `at::Context::setDeterministicAlgorithms(true)`, but this operation is not deterministic because it uses CuBLAS and you have CUDA >= 10.2. To enable deterministic behavior in this case, you must set an environment variable before running your PyTorch application: CUBLAS_WORKSPACE_CONFIG=:4096:8 or CUBLAS_WORKSPACE_CONFIG=:16:8. For more information, go to https://docs.nvidia.com/cuda/cublas/index.html#cublasApi_reproducibility (Triggered internally at ../aten/src/ATen/Context.cpp:164.)
  Variable._execution_engine.run_backward(  # Calls into the C++ engine to run the backward pass
/home/qujiaxiang/.conda/envs/rae/lib/python3.10/site-packages/torch/autograd/__init__.py:266: UserWarning: Memory Efficient attention defaults to a non-deterministic algorithm. To explicitly enable determinism call torch.use_deterministic_algorithms(True, warn_only=False). (Triggered internally at ../aten/src/ATen/native/transformers/cuda/attention_backward.cu:449.)
  Variable._execution_engine.run_backward(  # Calls into the C++ engine to run the backward pass
/home/qujiaxiang/.conda/envs/rae/lib/python3.10/site-packages/torch/autograd/__init__.py:266: UserWarning: adaptive_avg_pool2d_backward_cuda does not have a deterministic implementation, but you set 'torch.use_deterministic_algorithms(True, warn_only=True)'. You can file an issue at https://github.com/pytorch/pytorch/issues to help us prioritize adding deterministic support for this operation. (Triggered internally at ../aten/src/ATen/Context.cpp:79.)
  Variable._execution_engine.run_backward(  # Calls into the C++ engine to run the backward pass
[train] step=00001 loss=0.001255 pair=0.000004 vel=0.000002 vel_raw=0.000002 end=0.000002 end_raw=0.000002 vel_w=1.000 end_w=1.000 vel_reb=1.000 roll=0.000357 roll0=0.001227 img=0.015025 img_l1=0.006188 img_ssim=0.030395 img_seam=0.012384 ssim_raw_mean=0.969556 ssim_raw_min=-0.661496 ssim_raw_max=1.000165 ssim_over1=0.084881 ssim_below0=0.000289 ssim_clamped_mean=0.969605 lambda_roll=0.0000 lambda_roll_base=0.0000 lambda_roll_scale=1.0000 st=1 lambda_img=0.0800 alpha=0.0000 pair_w=0.000053 roll_w=0.000000 img_w=0.001202 pair_frac=0.042 roll_frac=0.000 img_frac=0.958 hop0_coverage=0.250 hop0_main_ratio=0.000 gate_pix=0.0200 gate_pix_raw=-3.9538 lambda_hop_0=0.1000 lambda_hop_0_raw=-2.2627 gate_eff=0.019000 lambda_eff_h0=0.099000 pix_delta_abs=0.000000 pix_delta_abs_hop0=0.000000 v_hop_abs=0.000122 v_hop_abs_hop0=0.000000 sf_alpha=0.000 sf_gap=0.000000 decoder_kl=0.000000 lambda_kl=0.0000 grad_total=2.5279e-02 grad_backbone=2.5278e-02 grad_firsthop=2.9383e-04 grad_clip_pre=2.5279e-02
Training done. Outputs at: /data_2/qujiaxiang/outputs/PET_LatentResidual/review_0521_smoke/A4_image_aux_lambda_08/first_hop_224_a4_image_aux_lambda_08_smoke
