[START] 2026-04-25 17:33:57 step_010000.pt
[io] loading latents(val): /data_2/qujiaxiang/lowdose_pet_ct/latents_224/latents_val.pt (32.5GB)
[io] still loading latents(val) (20.0s): /data_2/qujiaxiang/lowdose_pet_ct/latents_224/latents_val.pt
[io] still loading latents(val) (40.0s): /data_2/qujiaxiang/lowdose_pet_ct/latents_224/latents_val.pt
[io] still loading latents(val) (60.0s): /data_2/qujiaxiang/lowdose_pet_ct/latents_224/latents_val.pt
[io] still loading latents(val) (80.0s): /data_2/qujiaxiang/lowdose_pet_ct/latents_224/latents_val.pt
[io] still loading latents(val) (100.0s): /data_2/qujiaxiang/lowdose_pet_ct/latents_224/latents_val.pt
[io] still loading latents(val) (120.0s): /data_2/qujiaxiang/lowdose_pet_ct/latents_224/latents_val.pt
[io] still loading latents(val) (140.0s): /data_2/qujiaxiang/lowdose_pet_ct/latents_224/latents_val.pt
[io] still loading latents(val) (160.0s): /data_2/qujiaxiang/lowdose_pet_ct/latents_224/latents_val.pt
[io] still loading latents(val) (180.0s): /data_2/qujiaxiang/lowdose_pet_ct/latents_224/latents_val.pt
[io] still loading latents(val) (200.0s): /data_2/qujiaxiang/lowdose_pet_ct/latents_224/latents_val.pt
[io] still loading latents(val) (220.0s): /data_2/qujiaxiang/lowdose_pet_ct/latents_224/latents_val.pt
[io] still loading latents(val) (240.0s): /data_2/qujiaxiang/lowdose_pet_ct/latents_224/latents_val.pt
[io] still loading latents(val) (260.0s): /data_2/qujiaxiang/lowdose_pet_ct/latents_224/latents_val.pt
[io] still loading latents(val) (280.0s): /data_2/qujiaxiang/lowdose_pet_ct/latents_224/latents_val.pt
[io] loaded latents(val) in 292.4s: /data_2/qujiaxiang/lowdose_pet_ct/latents_224/latents_val.pt
[io] loading raw(val,D50): /data_2/qujiaxiang/preprocessed_data_D50.pt (9.2GB)
[io] still loading raw(val,D50) (20.0s): /data_2/qujiaxiang/preprocessed_data_D50.pt
[io] still loading raw(val,D50) (40.0s): /data_2/qujiaxiang/preprocessed_data_D50.pt
[io] still loading raw(val,D50) (60.0s): /data_2/qujiaxiang/preprocessed_data_D50.pt
[io] still loading raw(val,D50) (80.0s): /data_2/qujiaxiang/preprocessed_data_D50.pt
[io] still loading raw(val,D50) (100.0s): /data_2/qujiaxiang/preprocessed_data_D50.pt
[io] still loading raw(val,D50) (120.0s): /data_2/qujiaxiang/preprocessed_data_D50.pt
[io] loaded raw(val,D50) in 130.0s: /data_2/qujiaxiang/preprocessed_data_D50.pt
[io] loading raw(val,D20): /data_2/qujiaxiang/preprocessed_data_D20.pt (9.2GB)
[io] still loading raw(val,D20) (20.0s): /data_2/qujiaxiang/preprocessed_data_D20.pt
[io] still loading raw(val,D20) (40.0s): /data_2/qujiaxiang/preprocessed_data_D20.pt
[io] still loading raw(val,D20) (60.0s): /data_2/qujiaxiang/preprocessed_data_D20.pt
[io] still loading raw(val,D20) (80.0s): /data_2/qujiaxiang/preprocessed_data_D20.pt
[io] still loading raw(val,D20) (100.0s): /data_2/qujiaxiang/preprocessed_data_D20.pt
[io] loaded raw(val,D20) in 101.1s: /data_2/qujiaxiang/preprocessed_data_D20.pt
[io] loading raw(val,D10): /data_2/qujiaxiang/preprocessed_data_D10.pt (9.2GB)
[io] still loading raw(val,D10) (20.0s): /data_2/qujiaxiang/preprocessed_data_D10.pt
[io] still loading raw(val,D10) (40.0s): /data_2/qujiaxiang/preprocessed_data_D10.pt
[io] still loading raw(val,D10) (60.0s): /data_2/qujiaxiang/preprocessed_data_D10.pt
[io] loaded raw(val,D10) in 67.5s: /data_2/qujiaxiang/preprocessed_data_D10.pt
[io] loading raw(val,D4): /data_2/qujiaxiang/preprocessed_data_D4.pt (9.2GB)
[io] still loading raw(val,D4) (20.0s): /data_2/qujiaxiang/preprocessed_data_D4.pt
[io] still loading raw(val,D4) (40.0s): /data_2/qujiaxiang/preprocessed_data_D4.pt
[io] still loading raw(val,D4) (60.0s): /data_2/qujiaxiang/preprocessed_data_D4.pt
[io] loaded raw(val,D4) in 71.5s: /data_2/qujiaxiang/preprocessed_data_D4.pt
[io] loading raw(val,NORMAL_from_D50_x0): /data_2/qujiaxiang/preprocessed_data_D50.pt (9.2GB)
[io] still loading raw(val,NORMAL_from_D50_x0) (20.0s): /data_2/qujiaxiang/preprocessed_data_D50.pt
[io] still loading raw(val,NORMAL_from_D50_x0) (40.0s): /data_2/qujiaxiang/preprocessed_data_D50.pt
[io] still loading raw(val,NORMAL_from_D50_x0) (60.0s): /data_2/qujiaxiang/preprocessed_data_D50.pt
[io] still loading raw(val,NORMAL_from_D50_x0) (80.0s): /data_2/qujiaxiang/preprocessed_data_D50.pt
[io] loaded raw(val,NORMAL_from_D50_x0) in 97.4s: /data_2/qujiaxiang/preprocessed_data_D50.pt
encoder_config_path: /home/qujiaxiang/project/RAE/dinov2
Loaded RAE checkpoint from /data_2/qujiaxiang/outputs/pet_lora_dinov2_pt_224/best_model.pt
[Path A] TF-vs-Rollout diagnostic on n=7403 slices | device=cuda:0 | config=pet_flow_first_hop_224_50k_imgaux_boost.yaml

================================================================================================
Path A: Teacher-Forcing vs Rollout Gap Diagnostic
================================================================================================
Hop                   PSNR_TF    PSNR_RO  PSNR_Ceil   ExpoGap   CeilGap   LatMSE_RO/TF
------------------------------------------------------------------------------------------------
D50->D20              35.0966    35.0966    46.6356    0.0000   11.5390         1.0000
D20->D10              38.3849    34.8961    48.7436    3.4888   10.3586         4.1890
D10->D4               40.1067    34.8475    50.8319    5.2592   10.7253         6.2296
D4->NORMAL            36.4053    32.5755    52.6341    3.8298   16.2288         4.3220
================================================================================================
[Downstream (hops 1..3)] mean exposure_gap = 4.1926 dB | mean ceiling_gap = 12.4376 dB
[VERDICT] EXPOSURE_BIAS_DOMINATES
[ADVICE ] Fix: scheduled sampling / DAgger / rollout-consistency loss. chainstable-style rollout loss already targets this; inspect its hyperparameters (alpha ramp, step weights) and the mid-chain contribution.
[Artifact] JSON => /data_2/qujiaxiang/outputs/PET_LatentResidual/diagnostics/pathA_C_step_010000/tf_rollout_gap_val.json
[Artifact] CSV  => /data_2/qujiaxiang/outputs/PET_LatentResidual/diagnostics/pathA_C_step_010000/tf_rollout_gap_val_per_slice.csv
[DONE ] 2026-04-25 18:00:36 step_010000.pt

[START] 2026-04-25 18:00:36 step_030000.pt
[io] loading latents(val): /data_2/qujiaxiang/lowdose_pet_ct/latents_224/latents_val.pt (32.5GB)
[io] still loading latents(val) (20.0s): /data_2/qujiaxiang/lowdose_pet_ct/latents_224/latents_val.pt
[io] still loading latents(val) (40.0s): /data_2/qujiaxiang/lowdose_pet_ct/latents_224/latents_val.pt
[io] still loading latents(val) (60.0s): /data_2/qujiaxiang/lowdose_pet_ct/latents_224/latents_val.pt
[io] still loading latents(val) (80.0s): /data_2/qujiaxiang/lowdose_pet_ct/latents_224/latents_val.pt
[io] still loading latents(val) (100.0s): /data_2/qujiaxiang/lowdose_pet_ct/latents_224/latents_val.pt
[io] still loading latents(val) (120.0s): /data_2/qujiaxiang/lowdose_pet_ct/latents_224/latents_val.pt
[io] still loading latents(val) (140.0s): /data_2/qujiaxiang/lowdose_pet_ct/latents_224/latents_val.pt
[io] still loading latents(val) (160.0s): /data_2/qujiaxiang/lowdose_pet_ct/latents_224/latents_val.pt
[io] loaded latents(val) in 161.3s: /data_2/qujiaxiang/lowdose_pet_ct/latents_224/latents_val.pt
[io] loading raw(val,D50): /data_2/qujiaxiang/preprocessed_data_D50.pt (9.2GB)
[io] loaded raw(val,D50) in 6.3s: /data_2/qujiaxiang/preprocessed_data_D50.pt
[io] loading raw(val,D20): /data_2/qujiaxiang/preprocessed_data_D20.pt (9.2GB)
[io] still loading raw(val,D20) (20.0s): /data_2/qujiaxiang/preprocessed_data_D20.pt
[io] loaded raw(val,D20) in 24.7s: /data_2/qujiaxiang/preprocessed_data_D20.pt
[io] loading raw(val,D10): /data_2/qujiaxiang/preprocessed_data_D10.pt (9.2GB)
[io] still loading raw(val,D10) (20.0s): /data_2/qujiaxiang/preprocessed_data_D10.pt
[io] loaded raw(val,D10) in 25.5s: /data_2/qujiaxiang/preprocessed_data_D10.pt
[io] loading raw(val,D4): /data_2/qujiaxiang/preprocessed_data_D4.pt (9.2GB)
[io] still loading raw(val,D4) (20.0s): /data_2/qujiaxiang/preprocessed_data_D4.pt
[io] loaded raw(val,D4) in 38.9s: /data_2/qujiaxiang/preprocessed_data_D4.pt
[io] loading raw(val,NORMAL_from_D50_x0): /data_2/qujiaxiang/preprocessed_data_D50.pt (9.2GB)
[io] still loading raw(val,NORMAL_from_D50_x0) (20.0s): /data_2/qujiaxiang/preprocessed_data_D50.pt
[io] still loading raw(val,NORMAL_from_D50_x0) (40.0s): /data_2/qujiaxiang/preprocessed_data_D50.pt
[io] still loading raw(val,NORMAL_from_D50_x0) (60.0s): /data_2/qujiaxiang/preprocessed_data_D50.pt
[io] still loading raw(val,NORMAL_from_D50_x0) (80.0s): /data_2/qujiaxiang/preprocessed_data_D50.pt
[io] loaded raw(val,NORMAL_from_D50_x0) in 88.4s: /data_2/qujiaxiang/preprocessed_data_D50.pt
encoder_config_path: /home/qujiaxiang/project/RAE/dinov2
Loaded RAE checkpoint from /data_2/qujiaxiang/outputs/pet_lora_dinov2_pt_224/best_model.pt
[Path A] TF-vs-Rollout diagnostic on n=7403 slices | device=cuda:0 | config=pet_flow_first_hop_224_50k_imgaux_boost.yaml

================================================================================================
Path A: Teacher-Forcing vs Rollout Gap Diagnostic
================================================================================================
Hop                   PSNR_TF    PSNR_RO  PSNR_Ceil   ExpoGap   CeilGap   LatMSE_RO/TF
------------------------------------------------------------------------------------------------
D50->D20              35.4822    35.4822    46.6356    0.0000   11.1535         1.0000
D20->D10              39.0446    35.6255    48.7436    3.4191    9.6990         3.0377
D10->D4               40.8981    36.1508    50.8319    4.7473    9.9339         4.5718
D4->NORMAL            42.0085    35.9017    52.6341    6.1069   10.6255         5.3404
================================================================================================
[Downstream (hops 1..3)] mean exposure_gap = 4.7578 dB | mean ceiling_gap = 10.0861 dB
[VERDICT] EXPOSURE_BIAS_DOMINATES
[ADVICE ] Fix: scheduled sampling / DAgger / rollout-consistency loss. chainstable-style rollout loss already targets this; inspect its hyperparameters (alpha ramp, step weights) and the mid-chain contribution.
[Artifact] JSON => /data_2/qujiaxiang/outputs/PET_LatentResidual/diagnostics/pathA_C_step_030000/tf_rollout_gap_val.json
[Artifact] CSV  => /data_2/qujiaxiang/outputs/PET_LatentResidual/diagnostics/pathA_C_step_030000/tf_rollout_gap_val_per_slice.csv
[DONE ] 2026-04-25 18:19:40 step_030000.pt

[START] 2026-04-25 18:19:40 best.pt
[io] loading latents(val): /data_2/qujiaxiang/lowdose_pet_ct/latents_224/latents_val.pt (32.5GB)
[io] still loading latents(val) (20.0s): /data_2/qujiaxiang/lowdose_pet_ct/latents_224/latents_val.pt
[io] still loading latents(val) (40.0s): /data_2/qujiaxiang/lowdose_pet_ct/latents_224/latents_val.pt
[io] loaded latents(val) in 56.7s: /data_2/qujiaxiang/lowdose_pet_ct/latents_224/latents_val.pt
[io] loading raw(val,D50): /data_2/qujiaxiang/preprocessed_data_D50.pt (9.2GB)
[io] loaded raw(val,D50) in 5.1s: /data_2/qujiaxiang/preprocessed_data_D50.pt
[io] loading raw(val,D20): /data_2/qujiaxiang/preprocessed_data_D20.pt (9.2GB)
[io] loaded raw(val,D20) in 5.4s: /data_2/qujiaxiang/preprocessed_data_D20.pt
[io] loading raw(val,D10): /data_2/qujiaxiang/preprocessed_data_D10.pt (9.2GB)
[io] loaded raw(val,D10) in 5.2s: /data_2/qujiaxiang/preprocessed_data_D10.pt
[io] loading raw(val,D4): /data_2/qujiaxiang/preprocessed_data_D4.pt (9.2GB)
[io] loaded raw(val,D4) in 5.1s: /data_2/qujiaxiang/preprocessed_data_D4.pt
[io] loading raw(val,NORMAL_from_D50_x0): /data_2/qujiaxiang/preprocessed_data_D50.pt (9.2GB)
[io] loaded raw(val,NORMAL_from_D50_x0) in 5.1s: /data_2/qujiaxiang/preprocessed_data_D50.pt
encoder_config_path: /home/qujiaxiang/project/RAE/dinov2
Loaded RAE checkpoint from /data_2/qujiaxiang/outputs/pet_lora_dinov2_pt_224/best_model.pt
[Path A] TF-vs-Rollout diagnostic on n=7403 slices | device=cuda:0 | config=pet_flow_first_hop_224_50k_imgaux_boost.yaml

================================================================================================
Path A: Teacher-Forcing vs Rollout Gap Diagnostic
================================================================================================
Hop                   PSNR_TF    PSNR_RO  PSNR_Ceil   ExpoGap   CeilGap   LatMSE_RO/TF
------------------------------------------------------------------------------------------------
D50->D20              35.5690    35.5690    46.6356    0.0000   11.0666         1.0000
D20->D10              39.3231    35.9421    48.7436    3.3809    9.4205         3.1094
D10->D4               41.2132    36.5054    50.8319    4.7079    9.6187         4.6192
D4->NORMAL            43.1281    36.8055    52.6341    6.3225    9.5060         5.6448
================================================================================================
[Downstream (hops 1..3)] mean exposure_gap = 4.8038 dB | mean ceiling_gap = 9.5151 dB
[VERDICT] EXPOSURE_BIAS_DOMINATES
[ADVICE ] Fix: scheduled sampling / DAgger / rollout-consistency loss. chainstable-style rollout loss already targets this; inspect its hyperparameters (alpha ramp, step weights) and the mid-chain contribution.
[Artifact] JSON => /data_2/qujiaxiang/outputs/PET_LatentResidual/diagnostics/pathA_C_best/tf_rollout_gap_val.json
[Artifact] CSV  => /data_2/qujiaxiang/outputs/PET_LatentResidual/diagnostics/pathA_C_best/tf_rollout_gap_val_per_slice.csv
[DONE ] 2026-04-25 18:34:26 best.pt

