[2026-05-06T03:35:49+08:00] supervisor started at HEAD 2a12eb3
[2026-05-06T03:35:49+08:00] waiting for pre-flight sessions pf_v6_0506 and pf_v7_0506
[2026-05-06T03:35:49+08:00] waiting tmux session pf_v6_0506 ...
[2026-05-06T03:37:20+08:00] supervisor started at HEAD 2a12eb3
[2026-05-06T03:37:20+08:00] waiting for pre-flight sessions pf_v6_0506 and pf_v7_0506
[2026-05-06T03:37:20+08:00] waiting tmux session pf_v6_0506 ...
[2026-05-06T03:38:19+08:00] supervisor started at HEAD 2a12eb3
[2026-05-06T03:38:19+08:00] waiting for pre-flight sessions pf_v6_0506 and pf_v7_0506
[2026-05-06T03:38:19+08:00] waiting tmux session pf_v6_0506 ...
[2026-05-06T03:43:19+08:00] waiting tmux session pf_v6_0506 ...
[2026-05-06T03:48:19+08:00] waiting tmux session pf_v6_0506 ...
[2026-05-06T03:53:19+08:00] waiting tmux session pf_v6_0506 ...
[2026-05-06T03:58:19+08:00] waiting tmux session pf_v6_0506 ...
[2026-05-06T04:03:19+08:00] waiting tmux session pf_v6_0506 ...
[2026-05-06T04:08:19+08:00] waiting tmux session pf_v6_0506 ...
[2026-05-06T04:13:19+08:00] waiting tmux session pf_v6_0506 ...
[2026-05-06T04:18:19+08:00] waiting tmux session pf_v6_0506 ...
[2026-05-06T04:23:19+08:00] waiting tmux session pf_v6_0506 ...
[2026-05-06T04:28:19+08:00] waiting tmux session pf_v6_0506 ...
[2026-05-06T04:33:19+08:00] waiting tmux session pf_v6_0506 ...
[2026-05-06T04:38:19+08:00] waiting tmux session pf_v6_0506 ...
[2026-05-06T04:43:19+08:00] waiting tmux session pf_v6_0506 ...
[2026-05-06T04:48:19+08:00] waiting tmux session pf_v6_0506 ...
[2026-05-06T04:53:19+08:00] waiting tmux session pf_v6_0506 ...
[2026-05-06T04:58:19+08:00] waiting tmux session pf_v6_0506 ...
[2026-05-06T05:03:19+08:00] waiting tmux session pf_v6_0506 ...
[2026-05-06T05:08:19+08:00] waiting tmux session pf_v6_0506 ...
[2026-05-06T05:13:19+08:00] waiting tmux session pf_v6_0506 ...
[2026-05-06T05:18:19+08:00] waiting tmux session pf_v6_0506 ...
[2026-05-06T05:23:19+08:00] waiting tmux session pf_v6_0506 ...
[2026-05-06T05:28:19+08:00] waiting tmux session pf_v6_0506 ...
[2026-05-06T05:33:19+08:00] waiting tmux session pf_v6_0506 ...
[2026-05-06T05:38:19+08:00] waiting tmux session pf_v6_0506 ...
[2026-05-06T05:43:19+08:00] waiting tmux session pf_v6_0506 ...
[2026-05-06T05:48:19+08:00] waiting tmux session pf_v6_0506 ...
[2026-05-06T05:53:19+08:00] waiting tmux session pf_v6_0506 ...
[2026-05-06T05:58:19+08:00] waiting tmux session pf_v6_0506 ...
[2026-05-06T06:03:19+08:00] waiting tmux session pf_v6_0506 ...
[2026-05-06T06:08:19+08:00] waiting tmux session pf_v6_0506 ...
[2026-05-06T06:13:19+08:00] waiting tmux session pf_v6_0506 ...
[2026-05-06T06:18:19+08:00] waiting tmux session pf_v6_0506 ...
[2026-05-06T06:23:19+08:00] waiting tmux session pf_v6_0506 ...
[2026-05-06T06:28:19+08:00] waiting tmux session pf_v6_0506 ...
[2026-05-06T06:33:19+08:00] waiting tmux session pf_v6_0506 ...
[2026-05-06T06:38:19+08:00] waiting tmux session pf_v6_0506 ...
[2026-05-06T06:43:19+08:00] tmux session pf_v6_0506 finished
[2026-05-06T06:43:19+08:00] waiting tmux session pf_v7_0506 ...
[2026-05-06T06:48:19+08:00] waiting tmux session pf_v7_0506 ...
[2026-05-06T06:53:19+08:00] waiting tmux session pf_v7_0506 ...
[2026-05-06T06:58:19+08:00] waiting tmux session pf_v7_0506 ...
[2026-05-06T07:03:19+08:00] waiting tmux session pf_v7_0506 ...
[2026-05-06T07:08:19+08:00] waiting tmux session pf_v7_0506 ...
[2026-05-06T07:13:19+08:00] waiting tmux session pf_v7_0506 ...
[2026-05-06T07:18:19+08:00] waiting tmux session pf_v7_0506 ...
[2026-05-06T07:23:19+08:00] waiting tmux session pf_v7_0506 ...
[2026-05-06T07:28:19+08:00] waiting tmux session pf_v7_0506 ...
[2026-05-06T07:33:20+08:00] waiting tmux session pf_v7_0506 ...
[2026-05-06T07:38:20+08:00] tmux session pf_v7_0506 finished
[2026-05-06T07:38:20+08:00] gate results: sigma=PASS, v8_rng_byte_identical=true
[2026-05-06T07:38:20+08:00] BLOCK: preflight log does not show normal completion: review/0506/local/logs/V6_5K_pass1_gpu2.log
