[startup] loading config: review/0517/V18_decoder_lora/V18_decoder_lora.yaml
[startup] run dir: /data_2/qujiaxiang/outputs/PET_LatentResidual/review_0517_runs/V18_decoder_lora/run/first_hop_224_v18_decoder_lora
[startup] resume from: /data_2/qujiaxiang/outputs/PET_LatentResidual/review_0505_runs/V7/run/first_hop_224_v7_gronwall_raw/best.pt
[startup] building datasets/dataloaders...
[io] loading latents(train): /data_2/qujiaxiang/lowdose_pet_ct/latents_224/latents_train.pt (115.3GB)
[io] still loading latents(train) (20.0s): /data_2/qujiaxiang/lowdose_pet_ct/latents_224/latents_train.pt
[io] still loading latents(train) (40.0s): /data_2/qujiaxiang/lowdose_pet_ct/latents_224/latents_train.pt
[io] still loading latents(train) (60.0s): /data_2/qujiaxiang/lowdose_pet_ct/latents_224/latents_train.pt
[io] loaded latents(train) in 65.7s: /data_2/qujiaxiang/lowdose_pet_ct/latents_224/latents_train.pt
[io] image timepoints(train)=['D50', 'D20']
[io] loading raw(train,D50): /data_2/qujiaxiang/preprocessed_data_D50.pt (9.2GB)
[io] loaded raw(train,D50) in 5.2s: /data_2/qujiaxiang/preprocessed_data_D50.pt
[io] loading raw(train,D20): /data_2/qujiaxiang/preprocessed_data_D20.pt (9.2GB)
[io] loaded raw(train,D20) in 5.9s: /data_2/qujiaxiang/preprocessed_data_D20.pt
[startup] train dataset ready: 104988 pair-samples
[io] loading latents(val): /data_2/qujiaxiang/lowdose_pet_ct/latents_224/latents_val.pt (32.5GB)
[io] still loading latents(val) (20.0s): /data_2/qujiaxiang/lowdose_pet_ct/latents_224/latents_val.pt
[io] loaded latents(val) in 20.7s: /data_2/qujiaxiang/lowdose_pet_ct/latents_224/latents_val.pt
[io] image timepoints(val)=['D50', 'D20', 'D10', 'D4', 'NORMAL']
[io] loading raw(val,D50): /data_2/qujiaxiang/preprocessed_data_D50.pt (9.2GB)
[io] loaded raw(val,D50) in 6.0s: /data_2/qujiaxiang/preprocessed_data_D50.pt
[io] loading raw(val,D20): /data_2/qujiaxiang/preprocessed_data_D20.pt (9.2GB)
[io] loaded raw(val,D20) in 6.0s: /data_2/qujiaxiang/preprocessed_data_D20.pt
[io] loading raw(val,D10): /data_2/qujiaxiang/preprocessed_data_D10.pt (9.2GB)
[io] loaded raw(val,D10) in 6.3s: /data_2/qujiaxiang/preprocessed_data_D10.pt
[io] loading raw(val,D4): /data_2/qujiaxiang/preprocessed_data_D4.pt (9.2GB)
[io] loaded raw(val,D4) in 13.5s: /data_2/qujiaxiang/preprocessed_data_D4.pt
[io] loading raw(val,NORMAL_from_D50_x0): /data_2/qujiaxiang/preprocessed_data_D50.pt (9.2GB)
[io] loaded raw(val,NORMAL_from_D50_x0) in 6.6s: /data_2/qujiaxiang/preprocessed_data_D50.pt
[startup] val dataset ready: 29612 pair-samples
[alignment][train] D50:matched=42.49dB,gap_roll1=21.56dB,n=256 | D20:matched=46.48dB,gap_roll1=24.74dB,n=256 | NORMAL:matched=52.65dB,gap_roll1=30.10dB,n=256
[alignment][val] D50:matched=42.31dB,gap_roll1=21.88dB,n=256 | D20:matched=46.33dB,gap_roll1=25.10dB,n=256 | NORMAL:matched=52.35dB,gap_roll1=30.44dB,n=256
[transport] pair_sample_probs(normalized)= [0.25, 0.25, 0.25, 0.25]
[startup] dataloaders ready: main_bs=8, hop0_aux_bs=2, workers=0
[rollout] path= ['D50', 'D20', 'D10', 'D4', 'NORMAL']
encoder_config_path: /home/qujiaxiang/project/RAE/dinov2
Loaded RAE checkpoint from /data_2/qujiaxiang/outputs/pet_lora_dinov2_pt_224/best_model.pt
[decoder_lora] wrapped 12 Linear modules across last 2 decoder layers of rae.decoder.decoder_layers; trainable LoRA params (A+B per Linear) = 589,824; first 3 wrapped: ['decoder_layers[6].attention.attention.query', 'decoder_layers[6].attention.attention.key', 'decoder_layers[6].attention.attention.value']
encoder_config_path: /home/qujiaxiang/project/RAE/dinov2
Loaded RAE checkpoint from /data_2/qujiaxiang/outputs/pet_lora_dinov2_pt_224/best_model.pt
[decoder_lora] built frozen RAE reference for KL pull-back
[startup] model initialized
[decoder_lora] trainer type check OK; wrapped Linear modules=12
[startup] EMA enabled: decay=0.9999 warmup=0 update_every=1
[optimizer] decoder_lora param group: tensors=24, numel=589,824, lr=5.000e-07, lr_mult=0.006250, wd=0.000e+00
[config] loss.pair_weight = 15.0000
[optimizer] AdamW base_lr=8.000e-05, wd_global=1.000e-02, wd_backbone=1.000e-02, wd_firsthop=0.000e+00, betas=(0.9, 0.95), backbone_lr_mult=0.40, first_hop_lr_mult=3.50
[optimizer] params: backbone=207,667,412, first_hop=1,252,421
[lr_schedule] warmup+cosine enabled: warmup_steps=30000, min_lr=2.000e-06
[schedule] rollout warmup=50000 ramp=100000; image warmup=0 ramp=0
[startup][warn] best_select_full_eval_interval=5000 is not a multiple of eval_interval=400; the two evals will not be co-located on the step grid (functionally fine, just unusual).
[startup] best.pt selection: FULL-VAL every 5000 steps (rolling-window evals at every 400 steps remain for monitoring/d1-best only; they no longer write best.pt)
[startup] resume enabled: force metrics_jsonl_mode=append
[resume][decoder_lora] remapped 24 decoder base Linear keys to LinearWithLoRA .linear.* keys
[resume][info] 24 new-module keys initialized from scratch: ['rae.decoder.decoder_layers.6.attention.attention.query.lora_A', 'rae.decoder.decoder_layers.6.attention.attention.query.lora_B', 'rae.decoder.decoder_layers.6.attention.attention.key.lora_A', 'rae.decoder.decoder_layers.6.attention.attention.key.lora_B', 'rae.decoder.decoder_layers.6.attention.attention.value.lora_A', 'rae.decoder.decoder_layers.6.attention.attention.value.lora_B', 'rae.decoder.decoder_layers.6.attention.output.dense.lora_A', 'rae.decoder.decoder_layers.6.attention.output.dense.lora_B', 'rae.decoder.decoder_layers.6.intermediate.dense.lora_A', 'rae.decoder.decoder_layers.6.intermediate.dense.lora_B']...
[resume][warn] architecture has new modules — skipping optimizer/scaler restore and resetting best_val/step to avoid stale state.
/home/qujiaxiang/.conda/envs/rae/lib/python3.10/site-packages/torch/nn/modules/linear.py:116: UserWarning: Deterministic behavior was enabled with either `torch.use_deterministic_algorithms(True)` or `at::Context::setDeterministicAlgorithms(true)`, but this operation is not deterministic because it uses CuBLAS and you have CUDA >= 10.2. To enable deterministic behavior in this case, you must set an environment variable before running your PyTorch application: CUBLAS_WORKSPACE_CONFIG=:4096:8 or CUBLAS_WORKSPACE_CONFIG=:16:8. For more information, go to https://docs.nvidia.com/cuda/cublas/index.html#cublasApi_reproducibility (Triggered internally at ../aten/src/ATen/Context.cpp:164.)
  return F.linear(input, self.weight, self.bias)
/home/qujiaxiang/project/RAE/code/RAE/src/stage1/decoders/decoder.py:368: UserWarning: Deterministic behavior was enabled with either `torch.use_deterministic_algorithms(True)` or `at::Context::setDeterministicAlgorithms(true)`, but this operation is not deterministic because it uses CuBLAS and you have CUDA >= 10.2. To enable deterministic behavior in this case, you must set an environment variable before running your PyTorch application: CUBLAS_WORKSPACE_CONFIG=:4096:8 or CUBLAS_WORKSPACE_CONFIG=:16:8. For more information, go to https://docs.nvidia.com/cuda/cublas/index.html#cublasApi_reproducibility (Triggered internally at ../aten/src/ATen/Context.cpp:164.)
  attention_scores = torch.matmul(query_layer, key_layer.transpose(-1, -2))
/home/qujiaxiang/project/RAE/code/RAE/src/stage1/decoders/decoder.py:383: UserWarning: Deterministic behavior was enabled with either `torch.use_deterministic_algorithms(True)` or `at::Context::setDeterministicAlgorithms(true)`, but this operation is not deterministic because it uses CuBLAS and you have CUDA >= 10.2. To enable deterministic behavior in this case, you must set an environment variable before running your PyTorch application: CUBLAS_WORKSPACE_CONFIG=:4096:8 or CUBLAS_WORKSPACE_CONFIG=:16:8. For more information, go to https://docs.nvidia.com/cuda/cublas/index.html#cublasApi_reproducibility (Triggered internally at ../aten/src/ATen/Context.cpp:164.)
  context_layer = torch.matmul(attention_probs, value_layer)
/home/qujiaxiang/project/RAE/code/RAE/src/utils/lora.py:39: UserWarning: Deterministic behavior was enabled with either `torch.use_deterministic_algorithms(True)` or `at::Context::setDeterministicAlgorithms(true)`, but this operation is not deterministic because it uses CuBLAS and you have CUDA >= 10.2. To enable deterministic behavior in this case, you must set an environment variable before running your PyTorch application: CUBLAS_WORKSPACE_CONFIG=:4096:8 or CUBLAS_WORKSPACE_CONFIG=:16:8. For more information, go to https://docs.nvidia.com/cuda/cublas/index.html#cublasApi_reproducibility (Triggered internally at ../aten/src/ATen/Context.cpp:164.)
  lora = torch.matmul(self.dropout(x), self.lora_A.t())
/home/qujiaxiang/project/RAE/code/RAE/src/utils/lora.py:40: UserWarning: Deterministic behavior was enabled with either `torch.use_deterministic_algorithms(True)` or `at::Context::setDeterministicAlgorithms(true)`, but this operation is not deterministic because it uses CuBLAS and you have CUDA >= 10.2. To enable deterministic behavior in this case, you must set an environment variable before running your PyTorch application: CUBLAS_WORKSPACE_CONFIG=:4096:8 or CUBLAS_WORKSPACE_CONFIG=:16:8. For more information, go to https://docs.nvidia.com/cuda/cublas/index.html#cublasApi_reproducibility (Triggered internally at ../aten/src/ATen/Context.cpp:164.)
  lora = torch.matmul(lora, self.lora_B.t())
[decoder_lora] step0 decode equivalence OK: max_abs=0.000e+00
[resume][warm-start] architecture changed → start_step=160000, best_val=inf, fresh optimizer/scaler/rng (model weights warm-started from checkpoint)
[resume][warm-start] reset EMA shadow from warm-started model
[resume] loaded step=160000, best_val=inf, best_metric_name=val_multi_objective
/home/qujiaxiang/.conda/envs/rae/lib/python3.10/site-packages/torch/autograd/__init__.py:266: UserWarning: Deterministic behavior was enabled with either `torch.use_deterministic_algorithms(True)` or `at::Context::setDeterministicAlgorithms(true)`, but this operation is not deterministic because it uses CuBLAS and you have CUDA >= 10.2. To enable deterministic behavior in this case, you must set an environment variable before running your PyTorch application: CUBLAS_WORKSPACE_CONFIG=:4096:8 or CUBLAS_WORKSPACE_CONFIG=:16:8. For more information, go to https://docs.nvidia.com/cuda/cublas/index.html#cublasApi_reproducibility (Triggered internally at ../aten/src/ATen/Context.cpp:164.)
  Variable._execution_engine.run_backward(  # Calls into the C++ engine to run the backward pass
/home/qujiaxiang/.conda/envs/rae/lib/python3.10/site-packages/torch/autograd/__init__.py:266: UserWarning: Memory Efficient attention defaults to a non-deterministic algorithm. To explicitly enable determinism call torch.use_deterministic_algorithms(True, warn_only=False). (Triggered internally at ../aten/src/ATen/native/transformers/cuda/attention_backward.cu:449.)
  Variable._execution_engine.run_backward(  # Calls into the C++ engine to run the backward pass
/home/qujiaxiang/.conda/envs/rae/lib/python3.10/site-packages/torch/autograd/__init__.py:266: UserWarning: adaptive_avg_pool2d_backward_cuda does not have a deterministic implementation, but you set 'torch.use_deterministic_algorithms(True, warn_only=True)'. You can file an issue at https://github.com/pytorch/pytorch/issues to help us prioritize adding deterministic support for this operation. (Triggered internally at ../aten/src/ATen/Context.cpp:79.)
  Variable._execution_engine.run_backward(  # Calls into the C++ engine to run the backward pass
[train] step=160050 loss=0.001358 pair=0.000004 vel=0.000002 vel_raw=0.000002 end=0.000002 end_raw=0.000002 vel_w=1.000 end_w=1.000 vel_reb=1.000 roll=0.000215 roll0=0.000328 img=0.011119 img_l1=0.004323 img_ssim=0.024680 img_seam=0.006259 ssim_raw_mean=0.975315 ssim_raw_min=-0.162865 ssim_raw_max=1.000149 ssim_over1=0.107930 ssim_below0=0.000169 ssim_clamped_mean=0.975320 lambda_roll=4.0000 lambda_roll_base=4.0000 lambda_roll_scale=1.0000 st=1 lambda_img=0.0400 alpha=1.0000 pair_w=0.000054 roll_w=0.000860 img_w=0.000445 pair_frac=0.040 roll_frac=0.633 img_frac=0.327 hop0_coverage=0.250 hop0_main_ratio=0.000 gate_pix=0.0363 gate_pix_raw=-3.3274 lambda_hop_0=0.0569 lambda_hop_0_raw=-2.8569 gate_eff=0.035258 lambda_eff_h0=0.055856 pix_delta_abs=0.000000 pix_delta_abs_hop0=0.000000 v_hop_abs=0.000233 v_hop_abs_hop0=0.000000 sf_alpha=0.000 sf_gap=0.000000 decoder_kl=0.000000 lambda_kl=0.0500 grad_total=7.7044e-02 grad_backbone=7.7023e-02 grad_firsthop=1.7448e-03 grad_clip_pre=7.7044e-02
[train] step=160100 loss=0.004317 pair=0.000167 vel=0.000084 vel_raw=0.000035 end=0.000084 end_raw=0.000035 vel_w=1.000 end_w=1.000 vel_reb=1.000 roll=0.000325 roll0=0.000482 img=0.012713 img_l1=0.004959 img_ssim=0.028173 img_seam=0.007104 ssim_raw_mean=0.971820 ssim_raw_min=-0.309053 ssim_raw_max=1.000182 ssim_over1=0.108249 ssim_below0=0.000070 ssim_clamped_mean=0.971827 lambda_roll=4.0000 lambda_roll_base=4.0000 lambda_roll_scale=1.0000 st=1 lambda_img=0.0400 alpha=1.0000 pair_w=0.002507 roll_w=0.001301 img_w=0.000509 pair_frac=0.581 roll_frac=0.301 img_frac=0.118 hop0_coverage=0.250 hop0_main_ratio=0.375 gate_pix=0.0363 gate_pix_raw=-3.3274 lambda_hop_0=0.0569 lambda_hop_0_raw=-2.8569 gate_eff=0.035258 lambda_eff_h0=0.055857 pix_delta_abs=0.039355 pix_delta_abs_hop0=0.104946 v_hop_abs=0.000428 v_hop_abs_hop0=0.000670 sf_alpha=0.000 sf_gap=0.000000 decoder_kl=0.000000 lambda_kl=0.0500 grad_total=1.3100e-01 grad_backbone=1.2693e-01 grad_firsthop=3.2391e-02 grad_clip_pre=1.3100e-01
[train] step=160150 loss=0.001638 pair=0.000046 vel=0.000023 vel_raw=0.000010 end=0.000023 end_raw=0.000010 vel_w=1.000 end_w=1.000 vel_reb=1.000 roll=0.000175 roll0=0.000358 img=0.006272 img_l1=0.002813 img_ssim=0.011609 img_seam=0.005567 ssim_raw_mean=0.988253 ssim_raw_min=-0.845564 ssim_raw_max=1.000149 ssim_over1=0.108638 ssim_below0=0.000349 ssim_clamped_mean=0.988391 lambda_roll=4.0000 lambda_roll_base=4.0000 lambda_roll_scale=1.0000 st=1 lambda_img=0.0400 alpha=1.0000 pair_w=0.000688 roll_w=0.000699 img_w=0.000251 pair_frac=0.420 roll_frac=0.427 img_frac=0.153 hop0_coverage=0.250 hop0_main_ratio=0.125 gate_pix=0.0363 gate_pix_raw=-3.3275 lambda_hop_0=0.0569 lambda_hop_0_raw=-2.8569 gate_eff=0.035255 lambda_eff_h0=0.055858 pix_delta_abs=0.012904 pix_delta_abs_hop0=0.103232 v_hop_abs=0.000285 v_hop_abs_hop0=0.000629 sf_alpha=0.000 sf_gap=0.000000 decoder_kl=0.000000 lambda_kl=0.0500 grad_total=9.2240e-02 grad_backbone=8.3392e-02 grad_firsthop=3.9416e-02 grad_clip_pre=9.2240e-02
[train] step=160200 loss=0.002754 pair=0.000071 vel=0.000035 vel_raw=0.000015 end=0.000035 end_raw=0.000015 vel_w=1.000 end_w=1.000 vel_reb=1.000 roll=0.000304 roll0=0.000326 img=0.011785 img_l1=0.004666 img_ssim=0.025488 img_seam=0.007468 ssim_raw_mean=0.974515 ssim_raw_min=-0.008621 ssim_raw_max=1.000165 ssim_over1=0.108448 ssim_below0=0.000020 ssim_clamped_mean=0.974512 lambda_roll=4.0000 lambda_roll_base=4.0000 lambda_roll_scale=1.0000 st=1 lambda_img=0.0400 alpha=1.0000 pair_w=0.001065 roll_w=0.001218 img_w=0.000471 pair_frac=0.387 roll_frac=0.442 img_frac=0.171 hop0_coverage=0.250 hop0_main_ratio=0.375 gate_pix=0.0363 gate_pix_raw=-3.3276 lambda_hop_0=0.0569 lambda_hop_0_raw=-2.8566 gate_eff=0.035252 lambda_eff_h0=0.055872 pix_delta_abs=0.039999 pix_delta_abs_hop0=0.106663 v_hop_abs=0.000417 v_hop_abs_hop0=0.000685 sf_alpha=0.000 sf_gap=0.000000 decoder_kl=0.000000 lambda_kl=0.0500 grad_total=1.0015e-01 grad_backbone=1.0006e-01 grad_firsthop=4.1647e-03 grad_clip_pre=1.0015e-01
[train] step=160250 loss=0.001695 pair=0.000019 vel=0.000010 vel_raw=0.000006 end=0.000010 end_raw=0.000006 vel_w=1.000 end_w=1.000 vel_reb=1.000 roll=0.000212 roll0=0.000249 img=0.013931 img_l1=0.005453 img_ssim=0.030739 img_seam=0.007937 ssim_raw_mean=0.969187 ssim_raw_min=-0.851340 ssim_raw_max=1.000149 ssim_over1=0.104761 ssim_below0=0.000199 ssim_clamped_mean=0.969261 lambda_roll=4.0000 lambda_roll_base=4.0000 lambda_roll_scale=1.0000 st=1 lambda_img=0.0400 alpha=1.0000 pair_w=0.000291 roll_w=0.000847 img_w=0.000557 pair_frac=0.171 roll_frac=0.500 img_frac=0.329 hop0_coverage=0.250 hop0_main_ratio=0.125 gate_pix=0.0362 gate_pix_raw=-3.3278 lambda_hop_0=0.0569 lambda_hop_0_raw=-2.8567 gate_eff=0.035244 lambda_eff_h0=0.055867 pix_delta_abs=0.012757 pix_delta_abs_hop0=0.102057 v_hop_abs=0.000319 v_hop_abs_hop0=0.000610 sf_alpha=0.000 sf_gap=0.000000 decoder_kl=0.000000 lambda_kl=0.0500 grad_total=6.3207e-02 grad_backbone=6.3088e-02 grad_firsthop=3.8545e-03 grad_clip_pre=6.3207e-02
[train] step=160300 loss=0.002019 pair=0.000016 vel=0.000008 vel_raw=0.000004 end=0.000008 end_raw=0.000004 vel_w=1.000 end_w=1.000 vel_reb=1.000 roll=0.000353 roll0=0.000504 img=0.009236 img_l1=0.003666 img_ssim=0.019770 img_seam=0.006276 ssim_raw_mean=0.979993 ssim_raw_min=-0.880521 ssim_raw_max=1.000199 ssim_over1=0.105618 ssim_below0=0.000518 ssim_clamped_mean=0.980230 lambda_roll=4.0000 lambda_roll_base=4.0000 lambda_roll_scale=1.0000 st=1 lambda_img=0.0400 alpha=1.0000 pair_w=0.000237 roll_w=0.001413 img_w=0.000369 pair_frac=0.117 roll_frac=0.700 img_frac=0.183 hop0_coverage=0.250 hop0_main_ratio=0.125 gate_pix=0.0363 gate_pix_raw=-3.3276 lambda_hop_0=0.0569 lambda_hop_0_raw=-2.8569 gate_eff=0.035251 lambda_eff_h0=0.055855 pix_delta_abs=0.012514 pix_delta_abs_hop0=0.100110 v_hop_abs=0.000285 v_hop_abs_hop0=0.000634 sf_alpha=0.000 sf_gap=0.000000 decoder_kl=0.000000 lambda_kl=0.0500 grad_total=9.7777e-02 grad_backbone=9.7696e-02 grad_firsthop=3.9729e-03 grad_clip_pre=9.7777e-02
[train] step=160350 loss=0.001711 pair=0.000013 vel=0.000007 vel_raw=0.000003 end=0.000007 end_raw=0.000003 vel_w=1.000 end_w=1.000 vel_reb=1.000 roll=0.000283 roll0=0.000418 img=0.009445 img_l1=0.003796 img_ssim=0.020149 img_seam=0.006125 ssim_raw_mean=0.979855 ssim_raw_min=-0.062019 ssim_raw_max=1.000166 ssim_over1=0.114218 ssim_below0=0.000010 ssim_clamped_mean=0.979851 lambda_roll=4.0000 lambda_roll_base=4.0000 lambda_roll_scale=1.0000 st=1 lambda_img=0.0400 alpha=1.0000 pair_w=0.000201 roll_w=0.001132 img_w=0.000378 pair_frac=0.117 roll_frac=0.662 img_frac=0.221 hop0_coverage=0.250 hop0_main_ratio=0.125 gate_pix=0.0363 gate_pix_raw=-3.3274 lambda_hop_0=0.0569 lambda_hop_0_raw=-2.8570 gate_eff=0.035258 lambda_eff_h0=0.055851 pix_delta_abs=0.012770 pix_delta_abs_hop0=0.102160 v_hop_abs=0.000251 v_hop_abs_hop0=0.000626 sf_alpha=0.000 sf_gap=0.000000 decoder_kl=0.000000 lambda_kl=0.0500 grad_total=7.6110e-02 grad_backbone=7.6038e-02 grad_firsthop=3.2753e-03 grad_clip_pre=7.6110e-02
