[launcher] session=v13_smoke_gpu0_20260518_181935 gpu=0 start=2026-05-18T18:19:35+08:00
[startup] loading config: review/0516/V13_true_image_aux_ablation/smoke_runs/V13_smoke_20260518_181935.yaml
[startup] run dir: /data_2/qujiaxiang/outputs/PET_LatentResidual/smoke_runs/v13_smoke_20260518_181935/first_hop_224_v13_smoke_20260518_181935
[startup] building datasets/dataloaders...
[io] loading latents(train): /data_2/qujiaxiang/lowdose_pet_ct/latents_224/latents_train.pt (115.3GB)
[io] still loading latents(train) (20.0s): /data_2/qujiaxiang/lowdose_pet_ct/latents_224/latents_train.pt
[io] still loading latents(train) (40.0s): /data_2/qujiaxiang/lowdose_pet_ct/latents_224/latents_train.pt
[io] still loading latents(train) (60.0s): /data_2/qujiaxiang/lowdose_pet_ct/latents_224/latents_train.pt
[io] still loading latents(train) (80.0s): /data_2/qujiaxiang/lowdose_pet_ct/latents_224/latents_train.pt
[io] still loading latents(train) (100.0s): /data_2/qujiaxiang/lowdose_pet_ct/latents_224/latents_train.pt
[io] loaded latents(train) in 115.7s: /data_2/qujiaxiang/lowdose_pet_ct/latents_224/latents_train.pt
[io] image timepoints(train)=['D50', 'D20']
[io] loading raw(train,D50): /data_2/qujiaxiang/preprocessed_data_D50.pt (9.2GB)
[io] loaded raw(train,D50) in 6.7s: /data_2/qujiaxiang/preprocessed_data_D50.pt
[io] loading raw(train,D20): /data_2/qujiaxiang/preprocessed_data_D20.pt (9.2GB)
[io] loaded raw(train,D20) in 8.8s: /data_2/qujiaxiang/preprocessed_data_D20.pt
[startup] train dataset ready: 104988 pair-samples
[io] loading latents(val): /data_2/qujiaxiang/lowdose_pet_ct/latents_224/latents_val.pt (32.5GB)
[io] still loading latents(val) (20.0s): /data_2/qujiaxiang/lowdose_pet_ct/latents_224/latents_val.pt
[io] still loading latents(val) (40.0s): /data_2/qujiaxiang/lowdose_pet_ct/latents_224/latents_val.pt
[io] still loading latents(val) (60.0s): /data_2/qujiaxiang/lowdose_pet_ct/latents_224/latents_val.pt
[io] still loading latents(val) (80.0s): /data_2/qujiaxiang/lowdose_pet_ct/latents_224/latents_val.pt
[io] still loading latents(val) (100.0s): /data_2/qujiaxiang/lowdose_pet_ct/latents_224/latents_val.pt
[io] still loading latents(val) (120.0s): /data_2/qujiaxiang/lowdose_pet_ct/latents_224/latents_val.pt
[io] still loading latents(val) (140.0s): /data_2/qujiaxiang/lowdose_pet_ct/latents_224/latents_val.pt
[io] loaded latents(val) in 150.1s: /data_2/qujiaxiang/lowdose_pet_ct/latents_224/latents_val.pt
[io] image timepoints(val)=['D50', 'D20', 'D10', 'D4', 'NORMAL']
[io] loading raw(val,D50): /data_2/qujiaxiang/preprocessed_data_D50.pt (9.2GB)
[io] still loading raw(val,D50) (20.0s): /data_2/qujiaxiang/preprocessed_data_D50.pt
[io] still loading raw(val,D50) (40.0s): /data_2/qujiaxiang/preprocessed_data_D50.pt
[io] still loading raw(val,D50) (60.0s): /data_2/qujiaxiang/preprocessed_data_D50.pt
[io] loaded raw(val,D50) in 71.8s: /data_2/qujiaxiang/preprocessed_data_D50.pt
[io] loading raw(val,D20): /data_2/qujiaxiang/preprocessed_data_D20.pt (9.2GB)
[io] still loading raw(val,D20) (20.0s): /data_2/qujiaxiang/preprocessed_data_D20.pt
[io] still loading raw(val,D20) (40.0s): /data_2/qujiaxiang/preprocessed_data_D20.pt
[io] still loading raw(val,D20) (60.0s): /data_2/qujiaxiang/preprocessed_data_D20.pt
[io] loaded raw(val,D20) in 63.5s: /data_2/qujiaxiang/preprocessed_data_D20.pt
[io] loading raw(val,D10): /data_2/qujiaxiang/preprocessed_data_D10.pt (9.2GB)
[io] still loading raw(val,D10) (20.0s): /data_2/qujiaxiang/preprocessed_data_D10.pt
[io] still loading raw(val,D10) (40.0s): /data_2/qujiaxiang/preprocessed_data_D10.pt
[io] still loading raw(val,D10) (60.0s): /data_2/qujiaxiang/preprocessed_data_D10.pt
[io] loaded raw(val,D10) in 61.7s: /data_2/qujiaxiang/preprocessed_data_D10.pt
[io] loading raw(val,D4): /data_2/qujiaxiang/preprocessed_data_D4.pt (9.2GB)
[io] still loading raw(val,D4) (20.0s): /data_2/qujiaxiang/preprocessed_data_D4.pt
[io] still loading raw(val,D4) (40.0s): /data_2/qujiaxiang/preprocessed_data_D4.pt
[io] still loading raw(val,D4) (60.0s): /data_2/qujiaxiang/preprocessed_data_D4.pt
[io] loaded raw(val,D4) in 62.9s: /data_2/qujiaxiang/preprocessed_data_D4.pt
[io] loading raw(val,NORMAL_from_D50_x0): /data_2/qujiaxiang/preprocessed_data_D50.pt (9.2GB)
[io] still loading raw(val,NORMAL_from_D50_x0) (20.0s): /data_2/qujiaxiang/preprocessed_data_D50.pt
[io] still loading raw(val,NORMAL_from_D50_x0) (40.0s): /data_2/qujiaxiang/preprocessed_data_D50.pt
[io] still loading raw(val,NORMAL_from_D50_x0) (60.0s): /data_2/qujiaxiang/preprocessed_data_D50.pt
[io] still loading raw(val,NORMAL_from_D50_x0) (80.0s): /data_2/qujiaxiang/preprocessed_data_D50.pt
[io] still loading raw(val,NORMAL_from_D50_x0) (100.0s): /data_2/qujiaxiang/preprocessed_data_D50.pt
[io] loaded raw(val,NORMAL_from_D50_x0) in 108.5s: /data_2/qujiaxiang/preprocessed_data_D50.pt
[startup] val dataset ready: 29612 pair-samples
[alignment][train] D50:matched=42.49dB,gap_roll1=21.56dB,n=256 | D20:matched=46.48dB,gap_roll1=24.74dB,n=256 | NORMAL:matched=52.65dB,gap_roll1=30.10dB,n=256
[alignment][val] D50:matched=42.31dB,gap_roll1=21.88dB,n=256 | D20:matched=46.33dB,gap_roll1=25.10dB,n=256 | NORMAL:matched=52.35dB,gap_roll1=30.44dB,n=256
[transport] pair_sample_probs(normalized)= [0.25, 0.25, 0.25, 0.25]
[startup] dataloaders ready: main_bs=8, hop0_aux_bs=2, workers=0
[rollout] path= ['D50', 'D20', 'D10', 'D4', 'NORMAL']
encoder_config_path: /home/qujiaxiang/project/RAE/dinov2
Loaded RAE checkpoint from /data_2/qujiaxiang/outputs/pet_lora_dinov2_pt_224/best_model.pt
[startup] model initialized
[startup] EMA enabled: decay=0.9999 warmup=0 update_every=1
[config] loss.pair_weight = 15.0000
[optimizer] AdamW base_lr=8.000e-05, wd_global=1.000e-02, wd_backbone=1.000e-02, wd_firsthop=0.000e+00, betas=(0.9, 0.95), backbone_lr_mult=0.40, first_hop_lr_mult=3.50
[optimizer] params: backbone=207,667,412, first_hop=1,252,421
[lr_schedule] warmup+cosine enabled: warmup_steps=30000, min_lr=2.000e-06, total_steps_override=200000
[schedule] rollout warmup=50000 ramp=100000; image warmup=0 ramp=0
[startup] best.pt selection: FULL-VAL every 100000 steps (rolling-window evals at every 400 steps remain for monitoring/d1-best only; they no longer write best.pt)
/home/qujiaxiang/.conda/envs/rae/lib/python3.10/site-packages/torch/nn/modules/linear.py:116: UserWarning: Deterministic behavior was enabled with either `torch.use_deterministic_algorithms(True)` or `at::Context::setDeterministicAlgorithms(true)`, but this operation is not deterministic because it uses CuBLAS and you have CUDA >= 10.2. To enable deterministic behavior in this case, you must set an environment variable before running your PyTorch application: CUBLAS_WORKSPACE_CONFIG=:4096:8 or CUBLAS_WORKSPACE_CONFIG=:16:8. For more information, go to https://docs.nvidia.com/cuda/cublas/index.html#cublasApi_reproducibility (Triggered internally at ../aten/src/ATen/Context.cpp:164.)
  return F.linear(input, self.weight, self.bias)
/home/qujiaxiang/.conda/envs/rae/lib/python3.10/site-packages/torch/autograd/__init__.py:266: UserWarning: Deterministic behavior was enabled with either `torch.use_deterministic_algorithms(True)` or `at::Context::setDeterministicAlgorithms(true)`, but this operation is not deterministic because it uses CuBLAS and you have CUDA >= 10.2. To enable deterministic behavior in this case, you must set an environment variable before running your PyTorch application: CUBLAS_WORKSPACE_CONFIG=:4096:8 or CUBLAS_WORKSPACE_CONFIG=:16:8. For more information, go to https://docs.nvidia.com/cuda/cublas/index.html#cublasApi_reproducibility (Triggered internally at ../aten/src/ATen/Context.cpp:164.)
  Variable._execution_engine.run_backward(  # Calls into the C++ engine to run the backward pass
/home/qujiaxiang/.conda/envs/rae/lib/python3.10/site-packages/torch/autograd/__init__.py:266: UserWarning: Memory Efficient attention defaults to a non-deterministic algorithm. To explicitly enable determinism call torch.use_deterministic_algorithms(True, warn_only=False). (Triggered internally at ../aten/src/ATen/native/transformers/cuda/attention_backward.cu:449.)
  Variable._execution_engine.run_backward(  # Calls into the C++ engine to run the backward pass
/home/qujiaxiang/.conda/envs/rae/lib/python3.10/site-packages/torch/autograd/__init__.py:266: UserWarning: adaptive_avg_pool2d_backward_cuda does not have a deterministic implementation, but you set 'torch.use_deterministic_algorithms(True, warn_only=True)'. You can file an issue at https://github.com/pytorch/pytorch/issues to help us prioritize adding deterministic support for this operation. (Triggered internally at ../aten/src/ATen/Context.cpp:79.)
  Variable._execution_engine.run_backward(  # Calls into the C++ engine to run the backward pass
[train] step=00010 loss=0.001469 pair=0.000098 vel=0.000049 vel_raw=0.000026 end=0.000049 end_raw=0.000026 vel_w=1.000 end_w=1.000 vel_reb=1.000 roll=0.000315 roll0=0.001063 img=0.000000 img_l1=0.000000 img_ssim=0.000000 img_seam=0.000000 ssim_raw_mean=nan ssim_raw_min=nan ssim_raw_max=nan ssim_over1=nan ssim_below0=nan ssim_clamped_mean=nan lambda_roll=0.0000 lambda_roll_base=0.0000 lambda_roll_scale=1.0000 st=1 lambda_img=0.0000 alpha=0.0000 pair_w=0.001469 roll_w=0.000000 img_w=0.000000 pair_frac=1.000 roll_frac=0.000 img_frac=0.000 hop0_coverage=0.250 hop0_main_ratio=0.125 gate_pix=0.0200 gate_pix_raw=-3.9538 lambda_hop_0=0.1000 lambda_hop_0_raw=-2.2627 gate_eff=0.019000 lambda_eff_h0=0.099000 pix_delta_abs=0.000018 pix_delta_abs_hop0=0.000146 v_hop_abs=0.000118 v_hop_abs_hop0=0.000113 sf_alpha=0.000 sf_gap=0.000000 decoder_kl=0.000000 lambda_kl=0.0000 grad_total=1.1892e-02 grad_backbone=1.1891e-02 grad_firsthop=1.2469e-04 grad_clip_pre=1.1892e-02
[train] step=00020 loss=0.001747 pair=0.000116 vel=0.000058 vel_raw=0.000025 end=0.000058 end_raw=0.000025 vel_w=1.000 end_w=1.000 vel_reb=1.000 roll=0.000318 roll0=0.000704 img=0.000000 img_l1=0.000000 img_ssim=0.000000 img_seam=0.000000 ssim_raw_mean=nan ssim_raw_min=nan ssim_raw_max=nan ssim_over1=nan ssim_below0=nan ssim_clamped_mean=nan lambda_roll=0.0000 lambda_roll_base=0.0000 lambda_roll_scale=1.0000 st=1 lambda_img=0.0000 alpha=0.0000 pair_w=0.001747 roll_w=0.000000 img_w=0.000000 pair_frac=1.000 roll_frac=0.000 img_frac=0.000 hop0_coverage=0.250 hop0_main_ratio=0.250 gate_pix=0.0200 gate_pix_raw=-3.9538 lambda_hop_0=0.1000 lambda_hop_0_raw=-2.2627 gate_eff=0.019000 lambda_eff_h0=0.099000 pix_delta_abs=0.000036 pix_delta_abs_hop0=0.000145 v_hop_abs=0.000120 v_hop_abs_hop0=0.000112 sf_alpha=0.000 sf_gap=0.000000 decoder_kl=0.000000 lambda_kl=0.0000 grad_total=1.1650e-02 grad_backbone=1.1649e-02 grad_firsthop=1.3247e-04 grad_clip_pre=1.1650e-02
[train] step=00030 loss=0.002304 pair=0.000154 vel=0.000077 vel_raw=0.000032 end=0.000077 end_raw=0.000032 vel_w=1.000 end_w=1.000 vel_reb=1.000 roll=0.000305 roll0=0.001245 img=0.000000 img_l1=0.000000 img_ssim=0.000000 img_seam=0.000000 ssim_raw_mean=nan ssim_raw_min=nan ssim_raw_max=nan ssim_over1=nan ssim_below0=nan ssim_clamped_mean=nan lambda_roll=0.0000 lambda_roll_base=0.0000 lambda_roll_scale=1.0000 st=1 lambda_img=0.0000 alpha=0.0000 pair_w=0.002304 roll_w=0.000000 img_w=0.000000 pair_frac=1.000 roll_frac=0.000 img_frac=0.000 hop0_coverage=0.250 hop0_main_ratio=0.250 gate_pix=0.0200 gate_pix_raw=-3.9538 lambda_hop_0=0.1000 lambda_hop_0_raw=-2.2627 gate_eff=0.019000 lambda_eff_h0=0.099000 pix_delta_abs=0.000036 pix_delta_abs_hop0=0.000145 v_hop_abs=0.000116 v_hop_abs_hop0=0.000113 sf_alpha=0.000 sf_gap=0.000000 decoder_kl=0.000000 lambda_kl=0.0000 grad_total=9.4563e-03 grad_backbone=9.4561e-03 grad_firsthop=6.3921e-05 grad_clip_pre=9.4563e-03
[train] step=00040 loss=0.000784 pair=0.000052 vel=0.000026 vel_raw=0.000014 end=0.000026 end_raw=0.000014 vel_w=1.000 end_w=1.000 vel_reb=1.000 roll=0.000380 roll0=0.001372 img=0.000000 img_l1=0.000000 img_ssim=0.000000 img_seam=0.000000 ssim_raw_mean=nan ssim_raw_min=nan ssim_raw_max=nan ssim_over1=nan ssim_below0=nan ssim_clamped_mean=nan lambda_roll=0.0000 lambda_roll_base=0.0000 lambda_roll_scale=1.0000 st=1 lambda_img=0.0000 alpha=0.0000 pair_w=0.000784 roll_w=0.000000 img_w=0.000000 pair_frac=1.000 roll_frac=0.000 img_frac=0.000 hop0_coverage=0.250 hop0_main_ratio=0.125 gate_pix=0.0200 gate_pix_raw=-3.9538 lambda_hop_0=0.1000 lambda_hop_0_raw=-2.2627 gate_eff=0.019000 lambda_eff_h0=0.098999 pix_delta_abs=0.000018 pix_delta_abs_hop0=0.000146 v_hop_abs=0.000118 v_hop_abs_hop0=0.000112 sf_alpha=0.000 sf_gap=0.000000 decoder_kl=0.000000 lambda_kl=0.0000 grad_total=1.2030e-02 grad_backbone=1.2029e-02 grad_firsthop=1.4102e-04 grad_clip_pre=1.2030e-02
[train] step=00050 loss=0.002963 pair=0.000198 vel=0.000099 vel_raw=0.000043 end=0.000099 end_raw=0.000043 vel_w=1.000 end_w=1.000 vel_reb=1.000 roll=0.000314 roll0=0.001191 img=0.000000 img_l1=0.000000 img_ssim=0.000000 img_seam=0.000000 ssim_raw_mean=nan ssim_raw_min=nan ssim_raw_max=nan ssim_over1=nan ssim_below0=nan ssim_clamped_mean=nan lambda_roll=0.0000 lambda_roll_base=0.0000 lambda_roll_scale=1.0000 st=1 lambda_img=0.0000 alpha=0.0000 pair_w=0.002963 roll_w=0.000000 img_w=0.000000 pair_frac=1.000 roll_frac=0.000 img_frac=0.000 hop0_coverage=0.250 hop0_main_ratio=0.375 gate_pix=0.0200 gate_pix_raw=-3.9538 lambda_hop_0=0.1000 lambda_hop_0_raw=-2.2627 gate_eff=0.019000 lambda_eff_h0=0.098999 pix_delta_abs=0.000055 pix_delta_abs_hop0=0.000146 v_hop_abs=0.000114 v_hop_abs_hop0=0.000112 sf_alpha=0.000 sf_gap=0.000000 decoder_kl=0.000000 lambda_kl=0.0000 grad_total=1.5938e-02 grad_backbone=1.5938e-02 grad_firsthop=1.1199e-04 grad_clip_pre=1.5938e-02
[train] step=00060 loss=0.002959 pair=0.000197 vel=0.000099 vel_raw=0.000041 end=0.000099 end_raw=0.000041 vel_w=1.000 end_w=1.000 vel_reb=1.000 roll=0.000219 roll0=0.000880 img=0.000000 img_l1=0.000000 img_ssim=0.000000 img_seam=0.000000 ssim_raw_mean=nan ssim_raw_min=nan ssim_raw_max=nan ssim_over1=nan ssim_below0=nan ssim_clamped_mean=nan lambda_roll=0.0000 lambda_roll_base=0.0000 lambda_roll_scale=1.0000 st=1 lambda_img=0.0000 alpha=0.0000 pair_w=0.002959 roll_w=0.000000 img_w=0.000000 pair_frac=1.000 roll_frac=0.000 img_frac=0.000 hop0_coverage=0.250 hop0_main_ratio=0.375 gate_pix=0.0200 gate_pix_raw=-3.9538 lambda_hop_0=0.1000 lambda_hop_0_raw=-2.2627 gate_eff=0.019000 lambda_eff_h0=0.098999 pix_delta_abs=0.000055 pix_delta_abs_hop0=0.000145 v_hop_abs=0.000114 v_hop_abs_hop0=0.000112 sf_alpha=0.000 sf_gap=0.000000 decoder_kl=0.000000 lambda_kl=0.0000 grad_total=1.4838e-02 grad_backbone=1.4838e-02 grad_firsthop=8.5823e-05 grad_clip_pre=1.4838e-02
[train] step=00070 loss=0.001955 pair=0.000130 vel=0.000065 vel_raw=0.000029 end=0.000065 end_raw=0.000029 vel_w=1.000 end_w=1.000 vel_reb=1.000 roll=0.000420 roll0=0.001096 img=0.000000 img_l1=0.000000 img_ssim=0.000000 img_seam=0.000000 ssim_raw_mean=nan ssim_raw_min=nan ssim_raw_max=nan ssim_over1=nan ssim_below0=nan ssim_clamped_mean=nan lambda_roll=0.0000 lambda_roll_base=0.0000 lambda_roll_scale=1.0000 st=1 lambda_img=0.0000 alpha=0.0000 pair_w=0.001955 roll_w=0.000000 img_w=0.000000 pair_frac=1.000 roll_frac=0.000 img_frac=0.000 hop0_coverage=0.250 hop0_main_ratio=0.250 gate_pix=0.0200 gate_pix_raw=-3.9538 lambda_hop_0=0.1000 lambda_hop_0_raw=-2.2627 gate_eff=0.019000 lambda_eff_h0=0.098998 pix_delta_abs=0.000036 pix_delta_abs_hop0=0.000145 v_hop_abs=0.000116 v_hop_abs_hop0=0.000113 sf_alpha=0.000 sf_gap=0.000000 decoder_kl=0.000000 lambda_kl=0.0000 grad_total=1.7615e-02 grad_backbone=1.7614e-02 grad_firsthop=1.9310e-04 grad_clip_pre=1.7615e-02
[train] step=00080 loss=0.001266 pair=0.000084 vel=0.000042 vel_raw=0.000018 end=0.000042 end_raw=0.000018 vel_w=1.000 end_w=1.000 vel_reb=1.000 roll=0.000521 roll0=0.000908 img=0.000000 img_l1=0.000000 img_ssim=0.000000 img_seam=0.000000 ssim_raw_mean=nan ssim_raw_min=nan ssim_raw_max=nan ssim_over1=nan ssim_below0=nan ssim_clamped_mean=nan lambda_roll=0.0000 lambda_roll_base=0.0000 lambda_roll_scale=1.0000 st=1 lambda_img=0.0000 alpha=0.0000 pair_w=0.001266 roll_w=0.000000 img_w=0.000000 pair_frac=1.000 roll_frac=0.000 img_frac=0.000 hop0_coverage=0.250 hop0_main_ratio=0.125 gate_pix=0.0200 gate_pix_raw=-3.9538 lambda_hop_0=0.1000 lambda_hop_0_raw=-2.2628 gate_eff=0.019000 lambda_eff_h0=0.098998 pix_delta_abs=0.000018 pix_delta_abs_hop0=0.000142 v_hop_abs=0.000115 v_hop_abs_hop0=0.000112 sf_alpha=0.000 sf_gap=0.000000 decoder_kl=0.000000 lambda_kl=0.0000 grad_total=8.4599e-03 grad_backbone=8.4594e-03 grad_firsthop=8.7966e-05 grad_clip_pre=8.4599e-03
[train] step=00090 loss=0.004975 pair=0.000332 vel=0.000166 vel_raw=0.000069 end=0.000166 end_raw=0.000069 vel_w=1.000 end_w=1.000 vel_reb=1.000 roll=0.000352 roll0=0.000915 img=0.000000 img_l1=0.000000 img_ssim=0.000000 img_seam=0.000000 ssim_raw_mean=nan ssim_raw_min=nan ssim_raw_max=nan ssim_over1=nan ssim_below0=nan ssim_clamped_mean=nan lambda_roll=0.0000 lambda_roll_base=0.0000 lambda_roll_scale=1.0000 st=1 lambda_img=0.0000 alpha=0.0000 pair_w=0.004975 roll_w=0.000000 img_w=0.000000 pair_frac=1.000 roll_frac=0.000 img_frac=0.000 hop0_coverage=0.250 hop0_main_ratio=0.500 gate_pix=0.0200 gate_pix_raw=-3.9538 lambda_hop_0=0.1000 lambda_hop_0_raw=-2.2628 gate_eff=0.019000 lambda_eff_h0=0.098997 pix_delta_abs=0.000072 pix_delta_abs_hop0=0.000145 v_hop_abs=0.000115 v_hop_abs_hop0=0.000112 sf_alpha=0.000 sf_gap=0.000000 decoder_kl=0.000000 lambda_kl=0.0000 grad_total=1.9393e-02 grad_backbone=1.9393e-02 grad_firsthop=1.5852e-04 grad_clip_pre=1.9393e-02
[train] step=00100 loss=0.001280 pair=0.000085 vel=0.000043 vel_raw=0.000019 end=0.000043 end_raw=0.000019 vel_w=1.000 end_w=1.000 vel_reb=1.000 roll=0.000686 roll0=0.002071 img=0.000000 img_l1=0.000000 img_ssim=0.000000 img_seam=0.000000 ssim_raw_mean=nan ssim_raw_min=nan ssim_raw_max=nan ssim_over1=nan ssim_below0=nan ssim_clamped_mean=nan lambda_roll=0.0000 lambda_roll_base=0.0000 lambda_roll_scale=1.0000 st=1 lambda_img=0.0000 alpha=0.0000 pair_w=0.001280 roll_w=0.000000 img_w=0.000000 pair_frac=1.000 roll_frac=0.000 img_frac=0.000 hop0_coverage=0.250 hop0_main_ratio=0.125 gate_pix=0.0200 gate_pix_raw=-3.9538 lambda_hop_0=0.1000 lambda_hop_0_raw=-2.2628 gate_eff=0.019000 lambda_eff_h0=0.098996 pix_delta_abs=0.000018 pix_delta_abs_hop0=0.000146 v_hop_abs=0.000113 v_hop_abs_hop0=0.000111 sf_alpha=0.000 sf_gap=0.000000 decoder_kl=0.000000 lambda_kl=0.0000 grad_total=1.8573e-02 grad_backbone=1.8572e-02 grad_firsthop=2.1130e-04 grad_clip_pre=1.8573e-02
[train] step=00110 loss=0.000535 pair=0.000036 vel=0.000018 vel_raw=0.000009 end=0.000018 end_raw=0.000009 vel_w=1.000 end_w=1.000 vel_reb=1.000 roll=0.000435 roll0=0.001229 img=0.000000 img_l1=0.000000 img_ssim=0.000000 img_seam=0.000000 ssim_raw_mean=nan ssim_raw_min=nan ssim_raw_max=nan ssim_over1=nan ssim_below0=nan ssim_clamped_mean=nan lambda_roll=0.0000 lambda_roll_base=0.0000 lambda_roll_scale=1.0000 st=1 lambda_img=0.0000 alpha=0.0000 pair_w=0.000535 roll_w=0.000000 img_w=0.000000 pair_frac=1.000 roll_frac=0.000 img_frac=0.000 hop0_coverage=0.250 hop0_main_ratio=0.125 gate_pix=0.0200 gate_pix_raw=-3.9538 lambda_hop_0=0.1000 lambda_hop_0_raw=-2.2628 gate_eff=0.019000 lambda_eff_h0=0.098996 pix_delta_abs=0.000018 pix_delta_abs_hop0=0.000146 v_hop_abs=0.000111 v_hop_abs_hop0=0.000111 sf_alpha=0.000 sf_gap=0.000000 decoder_kl=0.000000 lambda_kl=0.0000 grad_total=3.6053e-03 grad_backbone=3.6052e-03 grad_firsthop=3.3942e-05 grad_clip_pre=3.6053e-03
[train] step=00120 loss=0.001035 pair=0.000069 vel=0.000034 vel_raw=0.000017 end=0.000034 end_raw=0.000017 vel_w=1.000 end_w=1.000 vel_reb=1.000 roll=0.000443 roll0=0.001698 img=0.000000 img_l1=0.000000 img_ssim=0.000000 img_seam=0.000000 ssim_raw_mean=nan ssim_raw_min=nan ssim_raw_max=nan ssim_over1=nan ssim_below0=nan ssim_clamped_mean=nan lambda_roll=0.0000 lambda_roll_base=0.0000 lambda_roll_scale=1.0000 st=1 lambda_img=0.0000 alpha=0.0000 pair_w=0.001035 roll_w=0.000000 img_w=0.000000 pair_frac=1.000 roll_frac=0.000 img_frac=0.000 hop0_coverage=0.250 hop0_main_ratio=0.250 gate_pix=0.0200 gate_pix_raw=-3.9538 lambda_hop_0=0.1000 lambda_hop_0_raw=-2.2628 gate_eff=0.019000 lambda_eff_h0=0.098995 pix_delta_abs=0.000036 pix_delta_abs_hop0=0.000146 v_hop_abs=0.000113 v_hop_abs_hop0=0.000111 sf_alpha=0.000 sf_gap=0.000000 decoder_kl=0.000000 lambda_kl=0.0000 grad_total=9.2889e-03 grad_backbone=9.2884e-03 grad_firsthop=9.6472e-05 grad_clip_pre=9.2889e-03
[train] step=00130 loss=0.000502 pair=0.000033 vel=0.000017 vel_raw=0.000009 end=0.000017 end_raw=0.000009 vel_w=1.000 end_w=1.000 vel_reb=1.000 roll=0.000383 roll0=0.001171 img=0.000000 img_l1=0.000000 img_ssim=0.000000 img_seam=0.000000 ssim_raw_mean=nan ssim_raw_min=nan ssim_raw_max=nan ssim_over1=nan ssim_below0=nan ssim_clamped_mean=nan lambda_roll=0.0000 lambda_roll_base=0.0000 lambda_roll_scale=1.0000 st=1 lambda_img=0.0000 alpha=0.0000 pair_w=0.000502 roll_w=0.000000 img_w=0.000000 pair_frac=1.000 roll_frac=0.000 img_frac=0.000 hop0_coverage=0.250 hop0_main_ratio=0.125 gate_pix=0.0200 gate_pix_raw=-3.9538 lambda_hop_0=0.1000 lambda_hop_0_raw=-2.2628 gate_eff=0.019000 lambda_eff_h0=0.098994 pix_delta_abs=0.000018 pix_delta_abs_hop0=0.000146 v_hop_abs=0.000110 v_hop_abs_hop0=0.000110 sf_alpha=0.000 sf_gap=0.000000 decoder_kl=0.000000 lambda_kl=0.0000 grad_total=5.2417e-03 grad_backbone=5.2415e-03 grad_firsthop=4.6179e-05 grad_clip_pre=5.2417e-03
[train] step=00140 loss=0.003495 pair=0.000233 vel=0.000117 vel_raw=0.000047 end=0.000117 end_raw=0.000047 vel_w=1.000 end_w=1.000 vel_reb=1.000 roll=0.000268 roll0=0.000926 img=0.000000 img_l1=0.000000 img_ssim=0.000000 img_seam=0.000000 ssim_raw_mean=nan ssim_raw_min=nan ssim_raw_max=nan ssim_over1=nan ssim_below0=nan ssim_clamped_mean=nan lambda_roll=0.0000 lambda_roll_base=0.0000 lambda_roll_scale=1.0000 st=1 lambda_img=0.0000 alpha=0.0000 pair_w=0.003495 roll_w=0.000000 img_w=0.000000 pair_frac=1.000 roll_frac=0.000 img_frac=0.000 hop0_coverage=0.250 hop0_main_ratio=0.375 gate_pix=0.0200 gate_pix_raw=-3.9538 lambda_hop_0=0.1000 lambda_hop_0_raw=-2.2628 gate_eff=0.019000 lambda_eff_h0=0.098993 pix_delta_abs=0.000055 pix_delta_abs_hop0=0.000146 v_hop_abs=0.000110 v_hop_abs_hop0=0.000110 sf_alpha=0.000 sf_gap=0.000000 decoder_kl=0.000000 lambda_kl=0.0000 grad_total=1.3709e-02 grad_backbone=1.3709e-02 grad_firsthop=8.0086e-05 grad_clip_pre=1.3709e-02
[train] step=00150 loss=0.001052 pair=0.000070 vel=0.000035 vel_raw=0.000017 end=0.000035 end_raw=0.000017 vel_w=1.000 end_w=1.000 vel_reb=1.000 roll=0.000345 roll0=0.001006 img=0.000000 img_l1=0.000000 img_ssim=0.000000 img_seam=0.000000 ssim_raw_mean=nan ssim_raw_min=nan ssim_raw_max=nan ssim_over1=nan ssim_below0=nan ssim_clamped_mean=nan lambda_roll=0.0000 lambda_roll_base=0.0000 lambda_roll_scale=1.0000 st=1 lambda_img=0.0000 alpha=0.0000 pair_w=0.001052 roll_w=0.000000 img_w=0.000000 pair_frac=1.000 roll_frac=0.000 img_frac=0.000 hop0_coverage=0.250 hop0_main_ratio=0.125 gate_pix=0.0200 gate_pix_raw=-3.9538 lambda_hop_0=0.1000 lambda_hop_0_raw=-2.2628 gate_eff=0.019000 lambda_eff_h0=0.098992 pix_delta_abs=0.000018 pix_delta_abs_hop0=0.000146 v_hop_abs=0.000114 v_hop_abs_hop0=0.000111 sf_alpha=0.000 sf_gap=0.000000 decoder_kl=0.000000 lambda_kl=0.0000 grad_total=6.9435e-03 grad_backbone=6.9433e-03 grad_firsthop=5.9745e-05 grad_clip_pre=6.9435e-03
[train] step=00160 loss=0.002020 pair=0.000135 vel=0.000067 vel_raw=0.000029 end=0.000067 end_raw=0.000029 vel_w=1.000 end_w=1.000 vel_reb=1.000 roll=0.000269 roll0=0.000937 img=0.000000 img_l1=0.000000 img_ssim=0.000000 img_seam=0.000000 ssim_raw_mean=nan ssim_raw_min=nan ssim_raw_max=nan ssim_over1=nan ssim_below0=nan ssim_clamped_mean=nan lambda_roll=0.0000 lambda_roll_base=0.0000 lambda_roll_scale=1.0000 st=1 lambda_img=0.0000 alpha=0.0000 pair_w=0.002020 roll_w=0.000000 img_w=0.000000 pair_frac=1.000 roll_frac=0.000 img_frac=0.000 hop0_coverage=0.250 hop0_main_ratio=0.250 gate_pix=0.0200 gate_pix_raw=-3.9538 lambda_hop_0=0.1000 lambda_hop_0_raw=-2.2628 gate_eff=0.019000 lambda_eff_h0=0.098991 pix_delta_abs=0.000036 pix_delta_abs_hop0=0.000145 v_hop_abs=0.000110 v_hop_abs_hop0=0.000110 sf_alpha=0.000 sf_gap=0.000000 decoder_kl=0.000000 lambda_kl=0.0000 grad_total=1.4059e-02 grad_backbone=1.4059e-02 grad_firsthop=6.4961e-05 grad_clip_pre=1.4059e-02
[train] step=00170 loss=0.000989 pair=0.000066 vel=0.000033 vel_raw=0.000013 end=0.000033 end_raw=0.000013 vel_w=1.000 end_w=1.000 vel_reb=1.000 roll=0.000287 roll0=0.001181 img=0.000000 img_l1=0.000000 img_ssim=0.000000 img_seam=0.000000 ssim_raw_mean=nan ssim_raw_min=nan ssim_raw_max=nan ssim_over1=nan ssim_below0=nan ssim_clamped_mean=nan lambda_roll=0.0000 lambda_roll_base=0.0000 lambda_roll_scale=1.0000 st=1 lambda_img=0.0000 alpha=0.0000 pair_w=0.000989 roll_w=0.000000 img_w=0.000000 pair_frac=1.000 roll_frac=0.000 img_frac=0.000 hop0_coverage=0.250 hop0_main_ratio=0.125 gate_pix=0.0200 gate_pix_raw=-3.9538 lambda_hop_0=0.1000 lambda_hop_0_raw=-2.2628 gate_eff=0.019000 lambda_eff_h0=0.098990 pix_delta_abs=0.000018 pix_delta_abs_hop0=0.000146 v_hop_abs=0.000109 v_hop_abs_hop0=0.000109 sf_alpha=0.000 sf_gap=0.000000 decoder_kl=0.000000 lambda_kl=0.0000 grad_total=5.5965e-03 grad_backbone=5.5964e-03 grad_firsthop=4.3103e-05 grad_clip_pre=5.5965e-03
[train] step=00180 loss=0.001984 pair=0.000132 vel=0.000066 vel_raw=0.000027 end=0.000066 end_raw=0.000027 vel_w=1.000 end_w=1.000 vel_reb=1.000 roll=0.000239 roll0=0.000729 img=0.000000 img_l1=0.000000 img_ssim=0.000000 img_seam=0.000000 ssim_raw_mean=nan ssim_raw_min=nan ssim_raw_max=nan ssim_over1=nan ssim_below0=nan ssim_clamped_mean=nan lambda_roll=0.0000 lambda_roll_base=0.0000 lambda_roll_scale=1.0000 st=1 lambda_img=0.0000 alpha=0.0000 pair_w=0.001984 roll_w=0.000000 img_w=0.000000 pair_frac=1.000 roll_frac=0.000 img_frac=0.000 hop0_coverage=0.250 hop0_main_ratio=0.250 gate_pix=0.0200 gate_pix_raw=-3.9538 lambda_hop_0=0.1000 lambda_hop_0_raw=-2.2628 gate_eff=0.019000 lambda_eff_h0=0.098989 pix_delta_abs=0.000036 pix_delta_abs_hop0=0.000145 v_hop_abs=0.000108 v_hop_abs_hop0=0.000109 sf_alpha=0.000 sf_gap=0.000000 decoder_kl=0.000000 lambda_kl=0.0000 grad_total=8.8007e-03 grad_backbone=8.8005e-03 grad_firsthop=6.6837e-05 grad_clip_pre=8.8007e-03
[train] step=00190 loss=0.002656 pair=0.000177 vel=0.000089 vel_raw=0.000039 end=0.000089 end_raw=0.000039 vel_w=1.000 end_w=1.000 vel_reb=1.000 roll=0.000298 roll0=0.001023 img=0.000000 img_l1=0.000000 img_ssim=0.000000 img_seam=0.000000 ssim_raw_mean=nan ssim_raw_min=nan ssim_raw_max=nan ssim_over1=nan ssim_below0=nan ssim_clamped_mean=nan lambda_roll=0.0000 lambda_roll_base=0.0000 lambda_roll_scale=1.0000 st=1 lambda_img=0.0000 alpha=0.0000 pair_w=0.002656 roll_w=0.000000 img_w=0.000000 pair_frac=1.000 roll_frac=0.000 img_frac=0.000 hop0_coverage=0.250 hop0_main_ratio=0.125 gate_pix=0.0200 gate_pix_raw=-3.9538 lambda_hop_0=0.1000 lambda_hop_0_raw=-2.2629 gate_eff=0.019000 lambda_eff_h0=0.098987 pix_delta_abs=0.000018 pix_delta_abs_hop0=0.000145 v_hop_abs=0.000109 v_hop_abs_hop0=0.000110 sf_alpha=0.000 sf_gap=0.000000 decoder_kl=0.000000 lambda_kl=0.0000 grad_total=9.5285e-03 grad_backbone=9.5283e-03 grad_firsthop=5.7829e-05 grad_clip_pre=9.5285e-03
[train] step=00200 loss=0.000851 pair=0.000057 vel=0.000028 vel_raw=0.000013 end=0.000028 end_raw=0.000013 vel_w=1.000 end_w=1.000 vel_reb=1.000 roll=0.000319 roll0=0.000860 img=0.000000 img_l1=0.000000 img_ssim=0.000000 img_seam=0.000000 ssim_raw_mean=nan ssim_raw_min=nan ssim_raw_max=nan ssim_over1=nan ssim_below0=nan ssim_clamped_mean=nan lambda_roll=0.0000 lambda_roll_base=0.0000 lambda_roll_scale=1.0000 st=1 lambda_img=0.0000 alpha=0.0000 pair_w=0.000851 roll_w=0.000000 img_w=0.000000 pair_frac=1.000 roll_frac=0.000 img_frac=0.000 hop0_coverage=0.250 hop0_main_ratio=0.125 gate_pix=0.0200 gate_pix_raw=-3.9538 lambda_hop_0=0.1000 lambda_hop_0_raw=-2.2629 gate_eff=0.019000 lambda_eff_h0=0.098986 pix_delta_abs=0.000018 pix_delta_abs_hop0=0.000146 v_hop_abs=0.000106 v_hop_abs_hop0=0.000107 sf_alpha=0.000 sf_gap=0.000000 decoder_kl=0.000000 lambda_kl=0.0000 grad_total=7.9717e-03 grad_backbone=7.9712e-03 grad_firsthop=8.8734e-05 grad_clip_pre=7.9717e-03
Training done. Outputs at: /data_2/qujiaxiang/outputs/PET_LatentResidual/smoke_runs/v13_smoke_20260518_181935/first_hop_224_v13_smoke_20260518_181935
